../Core/Inc/control.h:6:6:setMotorDutyCycle	16	static
../Core/Inc/control.h:25:6:setMotorDutyCycleFromPercentage	24	static
../Core/Src/main.c:83:6:HAL_TIM_PeriodElapsedCallback	16	static
../Core/Src/main.c:89:6:HAL_UART_RxCpltCallback	24	static
../Core/Src/main.c:105:5:main	16	static
../Core/Src/main.c:195:6:SystemClock_Config	88	static
../Core/Src/main.c:239:13:MX_I2C2_Init	8	static
../Core/Src/main.c:273:13:MX_SPI2_Init	8	static
../Core/Src/main.c:311:13:MX_TIM2_Init	48	static
../Core/Src/main.c:372:13:MX_TIM3_Init	64	static
../Core/Src/main.c:443:13:MX_TIM4_Init	64	static
../Core/Src/main.c:514:13:MX_TIM9_Init	24	static
../Core/Src/main.c:552:13:MX_USART1_UART_Init	8	static
../Core/Src/main.c:585:13:MX_USART6_UART_Init	8	static
../Core/Src/main.c:618:13:MX_GPIO_Init	48	static
../Core/Src/main.c:680:6:Error_Handler	4	static,ignoring_inline_asm
