Archive member included to satisfy reference by file (symbol)

/usr/lib/gcc/arm-none-eabi/9.2.1/thumb/v7e-m/nofp/libgcc.a(_aeabi_uldivmod.o)
                              CMakeFiles/STM32F411-software.elf.dir/Drivers/STM32F4xx_HAL_Driver/Src/stm32f4xx_hal_rcc.c.obj (__aeabi_uldivmod)
/usr/lib/gcc/arm-none-eabi/9.2.1/thumb/v7e-m/nofp/libgcc.a(_udivmoddi4.o)
                              /usr/lib/gcc/arm-none-eabi/9.2.1/thumb/v7e-m/nofp/libgcc.a(_aeabi_uldivmod.o) (__udivmoddi4)
/usr/lib/gcc/arm-none-eabi/9.2.1/thumb/v7e-m/nofp/libgcc.a(_dvmd_tls.o)
                              /usr/lib/gcc/arm-none-eabi/9.2.1/thumb/v7e-m/nofp/libgcc.a(_aeabi_uldivmod.o) (__aeabi_ldiv0)
/usr/lib/gcc/arm-none-eabi/9.2.1/../../../arm-none-eabi/lib/thumb/v7e-m/nofp/libg.a(lib_a-atexit.o)
                              /usr/lib/gcc/arm-none-eabi/9.2.1/../../../arm-none-eabi/lib/thumb/v7e-m/nofp/crt0.o (atexit)
/usr/lib/gcc/arm-none-eabi/9.2.1/../../../arm-none-eabi/lib/thumb/v7e-m/nofp/libg.a(lib_a-errno.o)
                              CMakeFiles/STM32F411-software.elf.dir/Core/Src/syscalls.c.obj (__errno)
/usr/lib/gcc/arm-none-eabi/9.2.1/../../../arm-none-eabi/lib/thumb/v7e-m/nofp/libg.a(lib_a-exit.o)
                              /usr/lib/gcc/arm-none-eabi/9.2.1/../../../arm-none-eabi/lib/thumb/v7e-m/nofp/crt0.o (exit)
/usr/lib/gcc/arm-none-eabi/9.2.1/../../../arm-none-eabi/lib/thumb/v7e-m/nofp/libg.a(lib_a-fini.o)
                              /usr/lib/gcc/arm-none-eabi/9.2.1/../../../arm-none-eabi/lib/thumb/v7e-m/nofp/crt0.o (__libc_fini_array)
/usr/lib/gcc/arm-none-eabi/9.2.1/../../../arm-none-eabi/lib/thumb/v7e-m/nofp/libg.a(lib_a-impure.o)
                              /usr/lib/gcc/arm-none-eabi/9.2.1/../../../arm-none-eabi/lib/thumb/v7e-m/nofp/libg.a(lib_a-exit.o) (_global_impure_ptr)
/usr/lib/gcc/arm-none-eabi/9.2.1/../../../arm-none-eabi/lib/thumb/v7e-m/nofp/libg.a(lib_a-init.o)
                              /usr/lib/gcc/arm-none-eabi/9.2.1/../../../arm-none-eabi/lib/thumb/v7e-m/nofp/crt0.o (__libc_init_array)
/usr/lib/gcc/arm-none-eabi/9.2.1/../../../arm-none-eabi/lib/thumb/v7e-m/nofp/libg.a(lib_a-memset.o)
                              /usr/lib/gcc/arm-none-eabi/9.2.1/../../../arm-none-eabi/lib/thumb/v7e-m/nofp/crt0.o (memset)
/usr/lib/gcc/arm-none-eabi/9.2.1/../../../arm-none-eabi/lib/thumb/v7e-m/nofp/libg.a(lib_a-__atexit.o)
                              /usr/lib/gcc/arm-none-eabi/9.2.1/../../../arm-none-eabi/lib/thumb/v7e-m/nofp/libg.a(lib_a-atexit.o) (__register_exitproc)
/usr/lib/gcc/arm-none-eabi/9.2.1/../../../arm-none-eabi/lib/thumb/v7e-m/nofp/libg.a(lib_a-__call_atexit.o)
                              /usr/lib/gcc/arm-none-eabi/9.2.1/../../../arm-none-eabi/lib/thumb/v7e-m/nofp/libg.a(lib_a-exit.o) (__call_exitprocs)

Discarded input sections

 .text          0x0000000000000000        0x0 /usr/lib/gcc/arm-none-eabi/9.2.1/thumb/v7e-m/nofp/crti.o
 .data          0x0000000000000000        0x0 /usr/lib/gcc/arm-none-eabi/9.2.1/thumb/v7e-m/nofp/crti.o
 .bss           0x0000000000000000        0x0 /usr/lib/gcc/arm-none-eabi/9.2.1/thumb/v7e-m/nofp/crti.o
 .data          0x0000000000000000        0x4 /usr/lib/gcc/arm-none-eabi/9.2.1/thumb/v7e-m/nofp/crtbegin.o
 .text          0x0000000000000000       0x70 /usr/lib/gcc/arm-none-eabi/9.2.1/../../../arm-none-eabi/lib/thumb/v7e-m/nofp/crt0.o
 .data          0x0000000000000000        0x0 /usr/lib/gcc/arm-none-eabi/9.2.1/../../../arm-none-eabi/lib/thumb/v7e-m/nofp/crt0.o
 .bss           0x0000000000000000        0x0 /usr/lib/gcc/arm-none-eabi/9.2.1/../../../arm-none-eabi/lib/thumb/v7e-m/nofp/crt0.o
 .ARM.extab     0x0000000000000000        0x0 /usr/lib/gcc/arm-none-eabi/9.2.1/../../../arm-none-eabi/lib/thumb/v7e-m/nofp/crt0.o
 .ARM.exidx     0x0000000000000000       0x10 /usr/lib/gcc/arm-none-eabi/9.2.1/../../../arm-none-eabi/lib/thumb/v7e-m/nofp/crt0.o
 .debug_line    0x0000000000000000       0x87 /usr/lib/gcc/arm-none-eabi/9.2.1/../../../arm-none-eabi/lib/thumb/v7e-m/nofp/crt0.o
 .debug_info    0x0000000000000000       0x26 /usr/lib/gcc/arm-none-eabi/9.2.1/../../../arm-none-eabi/lib/thumb/v7e-m/nofp/crt0.o
 .debug_abbrev  0x0000000000000000       0x14 /usr/lib/gcc/arm-none-eabi/9.2.1/../../../arm-none-eabi/lib/thumb/v7e-m/nofp/crt0.o
 .debug_aranges
                0x0000000000000000       0x20 /usr/lib/gcc/arm-none-eabi/9.2.1/../../../arm-none-eabi/lib/thumb/v7e-m/nofp/crt0.o
 .debug_str     0x0000000000000000       0x95 /usr/lib/gcc/arm-none-eabi/9.2.1/../../../arm-none-eabi/lib/thumb/v7e-m/nofp/crt0.o
 .ARM.attributes
                0x0000000000000000       0x1c /usr/lib/gcc/arm-none-eabi/9.2.1/../../../arm-none-eabi/lib/thumb/v7e-m/nofp/crt0.o
 .text          0x0000000000000000        0x0 CMakeFiles/STM32F411-software.elf.dir/Core/Src/main.c.obj
 .data          0x0000000000000000        0x0 CMakeFiles/STM32F411-software.elf.dir/Core/Src/main.c.obj
 .bss           0x0000000000000000        0x0 CMakeFiles/STM32F411-software.elf.dir/Core/Src/main.c.obj
[...]
Memory Configuration

Name             Origin             Length             Attributes
RAM              0x0000000020000000 0x0000000000020000 xrw
FLASH            0x0000000008000000 0x0000000000080000 xr
*default*        0x0000000000000000 0xffffffffffffffff

Linker script and memory map

LOAD /usr/lib/gcc/arm-none-eabi/9.2.1/thumb/v7e-m/nofp/crti.o
LOAD /usr/lib/gcc/arm-none-eabi/9.2.1/thumb/v7e-m/nofp/crtbegin.o
LOAD /usr/lib/gcc/arm-none-eabi/9.2.1/../../../arm-none-eabi/lib/thumb/v7e-m/nofp/crt0.o
LOAD CMakeFiles/STM32F411-software.elf.dir/Core/Src/main.c.obj
LOAD CMakeFiles/STM32F411-software.elf.dir/Core/Src/stm32f4xx_hal_msp.c.obj
LOAD CMakeFiles/STM32F411-software.elf.dir/Core/Src/stm32f4xx_it.c.obj
LOAD CMakeFiles/STM32F411-software.elf.dir/Core/Src/syscalls.c.obj
LOAD CMakeFiles/STM32F411-software.elf.dir/Core/Src/sysmem.c.obj
LOAD CMakeFiles/STM32F411-software.elf.dir/Core/Src/system_stm32f4xx.c.obj
LOAD CMakeFiles/STM32F411-software.elf.dir/Core/Startup/startup_stm32f411ceux.s.obj
LOAD CMakeFiles/STM32F411-software.elf.dir/Drivers/STM32F4xx_HAL_Driver/Src/stm32f4xx_hal.c.obj
LOAD CMakeFiles/STM32F411-software.elf.dir/Drivers/STM32F4xx_HAL_Driver/Src/stm32f4xx_hal_cortex.c.obj
LOAD CMakeFiles/STM32F411-software.elf.dir/Drivers/STM32F4xx_HAL_Driver/Src/stm32f4xx_hal_dma.c.obj
LOAD CMakeFiles/STM32F411-software.elf.dir/Drivers/STM32F4xx_HAL_Driver/Src/stm32f4xx_hal_dma_ex.c.obj
LOAD CMakeFiles/STM32F411-software.elf.dir/Drivers/STM32F4xx_HAL_Driver/Src/stm32f4xx_hal_exti.c.obj
LOAD CMakeFiles/STM32F411-software.elf.dir/Drivers/STM32F4xx_HAL_Driver/Src/stm32f4xx_hal_flash.c.obj
LOAD CMakeFiles/STM32F411-software.elf.dir/Drivers/STM32F4xx_HAL_Driver/Src/stm32f4xx_hal_flash_ex.c.obj
LOAD CMakeFiles/STM32F411-software.elf.dir/Drivers/STM32F4xx_HAL_Driver/Src/stm32f4xx_hal_flash_ramfunc.c.obj
LOAD CMakeFiles/STM32F411-software.elf.dir/Drivers/STM32F4xx_HAL_Driver/Src/stm32f4xx_hal_gpio.c.obj
LOAD CMakeFiles/STM32F411-software.elf.dir/Drivers/STM32F4xx_HAL_Driver/Src/stm32f4xx_hal_i2c.c.obj
LOAD CMakeFiles/STM32F411-software.elf.dir/Drivers/STM32F4xx_HAL_Driver/Src/stm32f4xx_hal_i2c_ex.c.obj
LOAD CMakeFiles/STM32F411-software.elf.dir/Drivers/STM32F4xx_HAL_Driver/Src/stm32f4xx_hal_pwr.c.obj
LOAD CMakeFiles/STM32F411-software.elf.dir/Drivers/STM32F4xx_HAL_Driver/Src/stm32f4xx_hal_pwr_ex.c.obj
LOAD CMakeFiles/STM32F411-software.elf.dir/Drivers/STM32F4xx_HAL_Driver/Src/stm32f4xx_hal_rcc.c.obj
LOAD CMakeFiles/STM32F411-software.elf.dir/Drivers/STM32F4xx_HAL_Driver/Src/stm32f4xx_hal_rcc_ex.c.obj
LOAD CMakeFiles/STM32F411-software.elf.dir/Drivers/STM32F4xx_HAL_Driver/Src/stm32f4xx_hal_spi.c.obj
LOAD CMakeFiles/STM32F411-software.elf.dir/Drivers/STM32F4xx_HAL_Driver/Src/stm32f4xx_hal_tim.c.obj
LOAD CMakeFiles/STM32F411-software.elf.dir/Drivers/STM32F4xx_HAL_Driver/Src/stm32f4xx_hal_tim_ex.c.obj
LOAD CMakeFiles/STM32F411-software.elf.dir/Drivers/STM32F4xx_HAL_Driver/Src/stm32f4xx_hal_uart.c.obj
START GROUP
LOAD /usr/lib/gcc/arm-none-eabi/9.2.1/thumb/v7e-m/nofp/libgcc.a
LOAD /usr/lib/gcc/arm-none-eabi/9.2.1/../../../arm-none-eabi/lib/thumb/v7e-m/nofp/libg.a
LOAD /usr/lib/gcc/arm-none-eabi/9.2.1/../../../arm-none-eabi/lib/thumb/v7e-m/nofp/libc.a
END GROUP
LOAD /usr/lib/gcc/arm-none-eabi/9.2.1/thumb/v7e-m/nofp/crtend.o
LOAD /usr/lib/gcc/arm-none-eabi/9.2.1/thumb/v7e-m/nofp/crtn.o
                0x0000000020020000                _estack = (ORIGIN (RAM) + LENGTH (RAM))
                0x0000000000000200                _Min_Heap_Size = 0x200
                0x0000000000000400                _Min_Stack_Size = 0x400

.isr_vector     0x0000000008000000      0x198
                0x0000000008000000                . = ALIGN (0x4)
 *(.isr_vector)
 .isr_vector    0x0000000008000000      0x198 CMakeFiles/STM32F411-software.elf.dir/Core/Startup/startup_stm32f411ceux.s.obj
                0x0000000008000000                g_pfnVectors
                0x0000000008000198                . = ALIGN (0x4)

.text           0x0000000008000198     0x2910
                0x0000000008000198                . = ALIGN (0x4)
 *(.text)
 .text          0x0000000008000198       0x88 /usr/lib/gcc/arm-none-eabi/9.2.1/thumb/v7e-m/nofp/crtbegin.o
 .text          0x0000000008000220       0x30 /usr/lib/gcc/arm-none-eabi/9.2.1/thumb/v7e-m/nofp/libgcc.a(_aeabi_uldivmod.o)
                0x0000000008000220                __aeabi_uldivmod
 .text          0x0000000008000250      0x2c0 /usr/lib/gcc/arm-none-eabi/9.2.1/thumb/v7e-m/nofp/libgcc.a(_udivmoddi4.o)
                0x0000000008000250                __udivmoddi4
 .text          0x0000000008000510        0x4 /usr/lib/gcc/arm-none-eabi/9.2.1/thumb/v7e-m/nofp/libgcc.a(_dvmd_tls.o)
                0x0000000008000510                __aeabi_ldiv0
                0x0000000008000510                __aeabi_idiv0
 .text          0x0000000008000514        0xc /usr/lib/gcc/arm-none-eabi/9.2.1/../../../arm-none-eabi/lib/thumb/v7e-m/nofp/libg.a(lib_a-atexit.o)
                0x0000000008000514                atexit
 .text          0x0000000008000520       0x34 /usr/lib/gcc/arm-none-eabi/9.2.1/../../../arm-none-eabi/lib/thumb/v7e-m/nofp/libg.a(lib_a-fini.o)
                0x0000000008000520                __libc_fini_array
 .text          0x0000000008000554       0x48 /usr/lib/gcc/arm-none-eabi/9.2.1/../../../arm-none-eabi/lib/thumb/v7e-m/nofp/libg.a(lib_a-init.o)
                0x0000000008000554                __libc_init_array
 .text          0x000000000800059c       0xa0 /usr/lib/gcc/arm-none-eabi/9.2.1/../../../arm-none-eabi/lib/thumb/v7e-m/nofp/libg.a(lib_a-memset.o)
                0x000000000800059c                memset
 .text          0x000000000800063c       0x68 /usr/lib/gcc/arm-none-eabi/9.2.1/../../../arm-none-eabi/lib/thumb/v7e-m/nofp/libg.a(lib_a-__atexit.o)
                0x000000000800063c                __register_exitproc
 *(.text*)
 .text.MX_GPIO_Init
                0x00000000080006a4      0x108 CMakeFiles/STM32F411-software.elf.dir/Core/Src/main.c.obj
 .text.HAL_TIM_PeriodElapsedCallback
                0x00000000080007ac        0x2 CMakeFiles/STM32F411-software.elf.dir/Core/Src/main.c.obj
                0x00000000080007ac                HAL_TIM_PeriodElapsedCallback
 *fill*         0x00000000080007ae        0x2 
 .text.decodeMessage
                0x00000000080007b0       0x14 CMakeFiles/STM32F411-software.elf.dir/Core/Src/main.c.obj
                0x00000000080007b0                decodeMessage
 .text.HAL_UART_RxCpltCallback
                0x00000000080007c4       0x1c CMakeFiles/STM32F411-software.elf.dir/Core/Src/main.c.obj
                0x00000000080007c4                HAL_UART_RxCpltCallback
 .text.Error_Handler
                0x00000000080007e0        0x4 CMakeFiles/STM32F411-software.elf.dir/Core/Src/main.c.obj
                0x00000000080007e0                Error_Handler
 .text.MX_USART1_UART_Init
                0x00000000080007e4       0x34 CMakeFiles/STM32F411-software.elf.dir/Core/Src/main.c.obj
 .text.MX_I2C2_Init
                0x0000000008000818       0x38 CMakeFiles/STM32F411-software.elf.dir/Core/Src/main.c.obj
 .text.MX_SPI2_Init
                0x0000000008000850       0x40 CMakeFiles/STM32F411-software.elf.dir/Core/Src/main.c.obj
 .text.MX_TIM3_Init
                0x0000000008000890       0xd8 CMakeFiles/STM32F411-software.elf.dir/Core/Src/main.c.obj
 .text.MX_TIM4_Init
                0x0000000008000968       0xd8 CMakeFiles/STM32F411-software.elf.dir/Core/Src/main.c.obj
 .text.MX_TIM9_Init
                0x0000000008000a40       0x50 CMakeFiles/STM32F411-software.elf.dir/Core/Src/main.c.obj
 .text.MX_USART6_UART_Init
                0x0000000008000a90       0x34 CMakeFiles/STM32F411-software.elf.dir/Core/Src/main.c.obj
 .text.SystemClock_Config
                0x0000000008000ac4       0xa4 CMakeFiles/STM32F411-software.elf.dir/Core/Src/main.c.obj
                0x0000000008000ac4                SystemClock_Config
 .text.main     0x0000000008000b68       0x60 CMakeFiles/STM32F411-software.elf.dir/Core/Src/main.c.obj
                0x0000000008000b68                main
 .text.HAL_MspInit
                0x0000000008000bc8       0x38 CMakeFiles/STM32F411-software.elf.dir/Core/Src/stm32f4xx_hal_msp.c.obj
                0x0000000008000bc8                HAL_MspInit
 .text.HAL_I2C_MspInit
                0x0000000008000c00       0x94 CMakeFiles/STM32F411-software.elf.dir/Core/Src/stm32f4xx_hal_msp.c.obj
                0x0000000008000c00                HAL_I2C_MspInit
 .text.HAL_SPI_MspInit
                0x0000000008000c94       0x74 CMakeFiles/STM32F411-software.elf.dir/Core/Src/stm32f4xx_hal_msp.c.obj
                0x0000000008000c94                HAL_SPI_MspInit
 .text.HAL_TIM_Base_MspInit
                0x0000000008000d08       0x98 CMakeFiles/STM32F411-software.elf.dir/Core/Src/stm32f4xx_hal_msp.c.obj
                0x0000000008000d08                HAL_TIM_Base_MspInit
 .text.HAL_TIM_MspPostInit
                0x0000000008000da0       0xc4 CMakeFiles/STM32F411-software.elf.dir/Core/Src/stm32f4xx_hal_msp.c.obj
                0x0000000008000da0                HAL_TIM_MspPostInit
 .text.HAL_UART_MspInit
                0x0000000008000e64       0xd8 CMakeFiles/STM32F411-software.elf.dir/Core/Src/stm32f4xx_hal_msp.c.obj
                0x0000000008000e64                HAL_UART_MspInit
 .text.NMI_Handler
                0x0000000008000f3c        0x2 CMakeFiles/STM32F411-software.elf.dir/Core/Src/stm32f4xx_it.c.obj
                0x0000000008000f3c                NMI_Handler
 .text.HardFault_Handler
                0x0000000008000f3e        0x2 CMakeFiles/STM32F411-software.elf.dir/Core/Src/stm32f4xx_it.c.obj
                0x0000000008000f3e                HardFault_Handler
 .text.MemManage_Handler
                0x0000000008000f40        0x2 CMakeFiles/STM32F411-software.elf.dir/Core/Src/stm32f4xx_it.c.obj
                0x0000000008000f40                MemManage_Handler
 .text.BusFault_Handler
                0x0000000008000f42        0x2 CMakeFiles/STM32F411-software.elf.dir/Core/Src/stm32f4xx_it.c.obj
                0x0000000008000f42                BusFault_Handler
 .text.UsageFault_Handler
                0x0000000008000f44        0x2 CMakeFiles/STM32F411-software.elf.dir/Core/Src/stm32f4xx_it.c.obj
                0x0000000008000f44                UsageFault_Handler
 .text.SVC_Handler
                0x0000000008000f46        0x2 CMakeFiles/STM32F411-software.elf.dir/Core/Src/stm32f4xx_it.c.obj
                0x0000000008000f46                SVC_Handler
 .text.DebugMon_Handler
                0x0000000008000f48        0x2 CMakeFiles/STM32F411-software.elf.dir/Core/Src/stm32f4xx_it.c.obj
                0x0000000008000f48                DebugMon_Handler
 .text.PendSV_Handler
                0x0000000008000f4a        0x2 CMakeFiles/STM32F411-software.elf.dir/Core/Src/stm32f4xx_it.c.obj
                0x0000000008000f4a                PendSV_Handler
 .text.SysTick_Handler
                0x0000000008000f4c        0x8 CMakeFiles/STM32F411-software.elf.dir/Core/Src/stm32f4xx_it.c.obj
                0x0000000008000f4c                SysTick_Handler
 .text.TIM1_BRK_TIM9_IRQHandler
                0x0000000008000f54       0x10 CMakeFiles/STM32F411-software.elf.dir/Core/Src/stm32f4xx_it.c.obj
                0x0000000008000f54                TIM1_BRK_TIM9_IRQHandler
 .text.TIM3_IRQHandler
                0x0000000008000f64       0x10 CMakeFiles/STM32F411-software.elf.dir/Core/Src/stm32f4xx_it.c.obj
                0x0000000008000f64                TIM3_IRQHandler
 .text.USART1_IRQHandler
                0x0000000008000f74       0x10 CMakeFiles/STM32F411-software.elf.dir/Core/Src/stm32f4xx_it.c.obj
                0x0000000008000f74                USART1_IRQHandler
 .text.SystemInit
                0x0000000008000f84        0x2 CMakeFiles/STM32F411-software.elf.dir/Core/Src/system_stm32f4xx.c.obj
                0x0000000008000f84                SystemInit
 *fill*         0x0000000008000f86        0x2 
 .text.Reset_Handler
                0x0000000008000f88       0x50 CMakeFiles/STM32F411-software.elf.dir/Core/Startup/startup_stm32f411ceux.s.obj
                0x0000000008000f88                Reset_Handler
 .text.Default_Handler
                0x0000000008000fd8        0x2 CMakeFiles/STM32F411-software.elf.dir/Core/Startup/startup_stm32f411ceux.s.obj
                0x0000000008000fd8                RTC_Alarm_IRQHandler
                0x0000000008000fd8                EXTI2_IRQHandler
                0x0000000008000fd8                SPI4_IRQHandler
                0x0000000008000fd8                TIM1_CC_IRQHandler
                0x0000000008000fd8                DMA2_Stream5_IRQHandler
                0x0000000008000fd8                DMA1_Stream5_IRQHandler
                0x0000000008000fd8                PVD_IRQHandler
                0x0000000008000fd8                SDIO_IRQHandler
                0x0000000008000fd8                TAMP_STAMP_IRQHandler
                0x0000000008000fd8                EXTI3_IRQHandler
                0x0000000008000fd8                TIM1_UP_TIM10_IRQHandler
                0x0000000008000fd8                I2C3_ER_IRQHandler
                0x0000000008000fd8                EXTI0_IRQHandler
                0x0000000008000fd8                I2C2_EV_IRQHandler
                0x0000000008000fd8                DMA1_Stream2_IRQHandler
                0x0000000008000fd8                FPU_IRQHandler
                0x0000000008000fd8                DMA2_Stream2_IRQHandler
                0x0000000008000fd8                SPI1_IRQHandler
                0x0000000008000fd8                DMA2_Stream3_IRQHandler
                0x0000000008000fd8                USART6_IRQHandler
                0x0000000008000fd8                DMA2_Stream0_IRQHandler
                0x0000000008000fd8                TIM4_IRQHandler
                0x0000000008000fd8                I2C1_EV_IRQHandler
                0x0000000008000fd8                DMA1_Stream6_IRQHandler
                0x0000000008000fd8                DMA1_Stream1_IRQHandler
                0x0000000008000fd8                RCC_IRQHandler
                0x0000000008000fd8                Default_Handler
                0x0000000008000fd8                EXTI15_10_IRQHandler
                0x0000000008000fd8                ADC_IRQHandler
                0x0000000008000fd8                DMA1_Stream7_IRQHandler
                0x0000000008000fd8                SPI5_IRQHandler
                0x0000000008000fd8                TIM5_IRQHandler
                0x0000000008000fd8                DMA2_Stream7_IRQHandler
                0x0000000008000fd8                I2C3_EV_IRQHandler
                0x0000000008000fd8                EXTI9_5_IRQHandler
                0x0000000008000fd8                RTC_WKUP_IRQHandler
                0x0000000008000fd8                SPI2_IRQHandler
                0x0000000008000fd8                DMA1_Stream0_IRQHandler
                0x0000000008000fd8                EXTI4_IRQHandler
                0x0000000008000fd8                WWDG_IRQHandler
                0x0000000008000fd8                TIM2_IRQHandler
                0x0000000008000fd8                OTG_FS_WKUP_IRQHandler
                0x0000000008000fd8                TIM1_TRG_COM_TIM11_IRQHandler
                0x0000000008000fd8                EXTI1_IRQHandler
                0x0000000008000fd8                USART2_IRQHandler
                0x0000000008000fd8                I2C2_ER_IRQHandler
                0x0000000008000fd8                DMA2_Stream1_IRQHandler
                0x0000000008000fd8                FLASH_IRQHandler
                0x0000000008000fd8                DMA2_Stream4_IRQHandler
                0x0000000008000fd8                OTG_FS_IRQHandler
                0x0000000008000fd8                SPI3_IRQHandler
                0x0000000008000fd8                DMA1_Stream4_IRQHandler
                0x0000000008000fd8                I2C1_ER_IRQHandler
                0x0000000008000fd8                DMA2_Stream6_IRQHandler
                0x0000000008000fd8                DMA1_Stream3_IRQHandler
 *fill*         0x0000000008000fda        0x2 
 .text.HAL_InitTick
                0x0000000008000fdc       0x4c CMakeFiles/STM32F411-software.elf.dir/Drivers/STM32F4xx_HAL_Driver/Src/stm32f4xx_hal.c.obj
                0x0000000008000fdc                HAL_InitTick
 .text.HAL_Init
                0x0000000008001028       0x34 CMakeFiles/STM32F411-software.elf.dir/Drivers/STM32F4xx_HAL_Driver/Src/stm32f4xx_hal.c.obj
                0x0000000008001028                HAL_Init
 .text.HAL_IncTick
                0x000000000800105c       0x18 CMakeFiles/STM32F411-software.elf.dir/Drivers/STM32F4xx_HAL_Driver/Src/stm32f4xx_hal.c.obj
                0x000000000800105c                HAL_IncTick
 .text.HAL_GetTick
                0x0000000008001074        0xc CMakeFiles/STM32F411-software.elf.dir/Drivers/STM32F4xx_HAL_Driver/Src/stm32f4xx_hal.c.obj
                0x0000000008001074                HAL_GetTick
 .text.HAL_Delay
                0x0000000008001080       0x28 CMakeFiles/STM32F411-software.elf.dir/Drivers/STM32F4xx_HAL_Driver/Src/stm32f4xx_hal.c.obj
                0x0000000008001080                HAL_Delay
 .text.HAL_NVIC_SetPriorityGrouping
                0x00000000080010a8       0x24 CMakeFiles/STM32F411-software.elf.dir/Drivers/STM32F4xx_HAL_Driver/Src/stm32f4xx_hal_cortex.c.obj
                0x00000000080010a8                HAL_NVIC_SetPriorityGrouping
 .text.HAL_NVIC_SetPriority
                0x00000000080010cc       0x68 CMakeFiles/STM32F411-software.elf.dir/Drivers/STM32F4xx_HAL_Driver/Src/stm32f4xx_hal_cortex.c.obj
                0x00000000080010cc                HAL_NVIC_SetPriority
 .text.HAL_NVIC_EnableIRQ
                0x0000000008001134       0x1c CMakeFiles/STM32F411-software.elf.dir/Drivers/STM32F4xx_HAL_Driver/Src/stm32f4xx_hal_cortex.c.obj
                0x0000000008001134                HAL_NVIC_EnableIRQ
 .text.HAL_SYSTICK_Config
                0x0000000008001150       0x2c CMakeFiles/STM32F411-software.elf.dir/Drivers/STM32F4xx_HAL_Driver/Src/stm32f4xx_hal_cortex.c.obj
                0x0000000008001150                HAL_SYSTICK_Config
 .text.HAL_DMA_Abort
                0x000000000800117c       0x94 CMakeFiles/STM32F411-software.elf.dir/Drivers/STM32F4xx_HAL_Driver/Src/stm32f4xx_hal_dma.c.obj
                0x000000000800117c                HAL_DMA_Abort
 .text.HAL_DMA_Abort_IT
                0x0000000008001210       0x26 CMakeFiles/STM32F411-software.elf.dir/Drivers/STM32F4xx_HAL_Driver/Src/stm32f4xx_hal_dma.c.obj
                0x0000000008001210                HAL_DMA_Abort_IT
 *fill*         0x0000000008001236        0x2 
 .text.HAL_GPIO_Init
                0x0000000008001238      0x1b0 CMakeFiles/STM32F411-software.elf.dir/Drivers/STM32F4xx_HAL_Driver/Src/stm32f4xx_hal_gpio.c.obj
                0x0000000008001238                HAL_GPIO_Init
 .text.HAL_GPIO_WritePin
                0x00000000080013e8        0xc CMakeFiles/STM32F411-software.elf.dir/Drivers/STM32F4xx_HAL_Driver/Src/stm32f4xx_hal_gpio.c.obj
                0x00000000080013e8                HAL_GPIO_WritePin
 .text.HAL_GPIO_TogglePin
                0x00000000080013f4       0x12 CMakeFiles/STM32F411-software.elf.dir/Drivers/STM32F4xx_HAL_Driver/Src/stm32f4xx_hal_gpio.c.obj
                0x00000000080013f4                HAL_GPIO_TogglePin
 *fill*         0x0000000008001406        0x2 
 .text.HAL_I2C_Init
                0x0000000008001408      0x1bc CMakeFiles/STM32F411-software.elf.dir/Drivers/STM32F4xx_HAL_Driver/Src/stm32f4xx_hal_i2c.c.obj
                0x0000000008001408                HAL_I2C_Init
 .text.HAL_RCC_OscConfig
                0x00000000080015c4      0x3f8 CMakeFiles/STM32F411-software.elf.dir/Drivers/STM32F4xx_HAL_Driver/Src/stm32f4xx_hal_rcc.c.obj
                0x00000000080015c4                HAL_RCC_OscConfig
 .text.HAL_RCC_GetSysClockFreq
                0x00000000080019bc       0xa0 CMakeFiles/STM32F411-software.elf.dir/Drivers/STM32F4xx_HAL_Driver/Src/stm32f4xx_hal_rcc.c.obj
                0x00000000080019bc                HAL_RCC_GetSysClockFreq
 .text.HAL_RCC_ClockConfig
                0x0000000008001a5c      0x160 CMakeFiles/STM32F411-software.elf.dir/Drivers/STM32F4xx_HAL_Driver/Src/stm32f4xx_hal_rcc.c.obj
                0x0000000008001a5c                HAL_RCC_ClockConfig
 .text.HAL_RCC_GetHCLKFreq
                0x0000000008001bbc        0xc CMakeFiles/STM32F411-software.elf.dir/Drivers/STM32F4xx_HAL_Driver/Src/stm32f4xx_hal_rcc.c.obj
                0x0000000008001bbc                HAL_RCC_GetHCLKFreq
 .text.HAL_RCC_GetPCLK1Freq
                0x0000000008001bc8       0x20 CMakeFiles/STM32F411-software.elf.dir/Drivers/STM32F4xx_HAL_Driver/Src/stm32f4xx_hal_rcc.c.obj
                0x0000000008001bc8                HAL_RCC_GetPCLK1Freq
 .text.HAL_RCC_GetPCLK2Freq
                0x0000000008001be8       0x20 CMakeFiles/STM32F411-software.elf.dir/Drivers/STM32F4xx_HAL_Driver/Src/stm32f4xx_hal_rcc.c.obj
                0x0000000008001be8                HAL_RCC_GetPCLK2Freq
 .text.HAL_SPI_Init
                0x0000000008001c08       0xbe CMakeFiles/STM32F411-software.elf.dir/Drivers/STM32F4xx_HAL_Driver/Src/stm32f4xx_hal_spi.c.obj
                0x0000000008001c08                HAL_SPI_Init
 *fill*         0x0000000008001cc6        0x2 
 .text.TIM_OC1_SetConfig
                0x0000000008001cc8       0x5c CMakeFiles/STM32F411-software.elf.dir/Drivers/STM32F4xx_HAL_Driver/Src/stm32f4xx_hal_tim.c.obj
 .text.TIM_OC3_SetConfig
                0x0000000008001d24       0x64 CMakeFiles/STM32F411-software.elf.dir/Drivers/STM32F4xx_HAL_Driver/Src/stm32f4xx_hal_tim.c.obj
 .text.TIM_OC4_SetConfig
                0x0000000008001d88       0x48 CMakeFiles/STM32F411-software.elf.dir/Drivers/STM32F4xx_HAL_Driver/Src/stm32f4xx_hal_tim.c.obj
 .text.TIM_TI1_ConfigInputStage
                0x0000000008001dd0       0x24 CMakeFiles/STM32F411-software.elf.dir/Drivers/STM32F4xx_HAL_Driver/Src/stm32f4xx_hal_tim.c.obj
 .text.TIM_TI2_ConfigInputStage
                0x0000000008001df4       0x26 CMakeFiles/STM32F411-software.elf.dir/Drivers/STM32F4xx_HAL_Driver/Src/stm32f4xx_hal_tim.c.obj
 .text.TIM_ITRx_SetConfig
                0x0000000008001e1a       0x10 CMakeFiles/STM32F411-software.elf.dir/Drivers/STM32F4xx_HAL_Driver/Src/stm32f4xx_hal_tim.c.obj
 *fill*         0x0000000008001e2a        0x2 
 .text.HAL_TIM_Base_Start_IT
                0x0000000008001e2c       0x78 CMakeFiles/STM32F411-software.elf.dir/Drivers/STM32F4xx_HAL_Driver/Src/stm32f4xx_hal_tim.c.obj
                0x0000000008001e2c                HAL_TIM_Base_Start_IT
 .text.HAL_TIM_PWM_MspInit
                0x0000000008001ea4        0x2 CMakeFiles/STM32F411-software.elf.dir/Drivers/STM32F4xx_HAL_Driver/Src/stm32f4xx_hal_tim.c.obj
                0x0000000008001ea4                HAL_TIM_PWM_MspInit
 .text.HAL_TIM_OC_DelayElapsedCallback
                0x0000000008001ea6        0x2 CMakeFiles/STM32F411-software.elf.dir/Drivers/STM32F4xx_HAL_Driver/Src/stm32f4xx_hal_tim.c.obj
                0x0000000008001ea6                HAL_TIM_OC_DelayElapsedCallback
 .text.HAL_TIM_IC_CaptureCallback
                0x0000000008001ea8        0x2 CMakeFiles/STM32F411-software.elf.dir/Drivers/STM32F4xx_HAL_Driver/Src/stm32f4xx_hal_tim.c.obj
                0x0000000008001ea8                HAL_TIM_IC_CaptureCallback
 .text.HAL_TIM_PWM_PulseFinishedCallback
                0x0000000008001eaa        0x2 CMakeFiles/STM32F411-software.elf.dir/Drivers/STM32F4xx_HAL_Driver/Src/stm32f4xx_hal_tim.c.obj
                0x0000000008001eaa                HAL_TIM_PWM_PulseFinishedCallback
 .text.HAL_TIM_TriggerCallback
                0x0000000008001eac        0x2 CMakeFiles/STM32F411-software.elf.dir/Drivers/STM32F4xx_HAL_Driver/Src/stm32f4xx_hal_tim.c.obj
                0x0000000008001eac                HAL_TIM_TriggerCallback
 .text.HAL_TIM_IRQHandler
                0x0000000008001eae      0x17a CMakeFiles/STM32F411-software.elf.dir/Drivers/STM32F4xx_HAL_Driver/Src/stm32f4xx_hal_tim.c.obj
                0x0000000008001eae                HAL_TIM_IRQHandler
 .text.TIM_Base_SetConfig
                0x0000000008002028       0x9c CMakeFiles/STM32F411-software.elf.dir/Drivers/STM32F4xx_HAL_Driver/Src/stm32f4xx_hal_tim.c.obj
                0x0000000008002028                TIM_Base_SetConfig
 .text.HAL_TIM_Base_Init
                0x00000000080020c4       0x58 CMakeFiles/STM32F411-software.elf.dir/Drivers/STM32F4xx_HAL_Driver/Src/stm32f4xx_hal_tim.c.obj
                0x00000000080020c4                HAL_TIM_Base_Init
 .text.HAL_TIM_PWM_Init
                0x000000000800211c       0x58 CMakeFiles/STM32F411-software.elf.dir/Drivers/STM32F4xx_HAL_Driver/Src/stm32f4xx_hal_tim.c.obj
                0x000000000800211c                HAL_TIM_PWM_Init
 .text.TIM_OC2_SetConfig
                0x0000000008002174       0x64 CMakeFiles/STM32F411-software.elf.dir/Drivers/STM32F4xx_HAL_Driver/Src/stm32f4xx_hal_tim.c.obj
                0x0000000008002174                TIM_OC2_SetConfig
 .text.HAL_TIM_PWM_ConfigChannel
                0x00000000080021d8       0xdc CMakeFiles/STM32F411-software.elf.dir/Drivers/STM32F4xx_HAL_Driver/Src/stm32f4xx_hal_tim.c.obj
                0x00000000080021d8                HAL_TIM_PWM_ConfigChannel
 .text.TIM_ETR_SetConfig
                0x00000000080022b4       0x16 CMakeFiles/STM32F411-software.elf.dir/Drivers/STM32F4xx_HAL_Driver/Src/stm32f4xx_hal_tim.c.obj
                0x00000000080022b4                TIM_ETR_SetConfig
 .text.HAL_TIM_ConfigClockSource
                0x00000000080022ca       0xfe CMakeFiles/STM32F411-software.elf.dir/Drivers/STM32F4xx_HAL_Driver/Src/stm32f4xx_hal_tim.c.obj
                0x00000000080022ca                HAL_TIM_ConfigClockSource
 .text.HAL_TIMEx_MasterConfigSynchronization
                0x00000000080023c8       0x78 CMakeFiles/STM32F411-software.elf.dir/Drivers/STM32F4xx_HAL_Driver/Src/stm32f4xx_hal_tim_ex.c.obj
                0x00000000080023c8                HAL_TIMEx_MasterConfigSynchronization
 .text.HAL_TIMEx_CommutCallback
                0x0000000008002440        0x2 CMakeFiles/STM32F411-software.elf.dir/Drivers/STM32F4xx_HAL_Driver/Src/stm32f4xx_hal_tim_ex.c.obj
                0x0000000008002440                HAL_TIMEx_CommutCallback
 .text.HAL_TIMEx_BreakCallback
                0x0000000008002442        0x2 CMakeFiles/STM32F411-software.elf.dir/Drivers/STM32F4xx_HAL_Driver/Src/stm32f4xx_hal_tim_ex.c.obj
                0x0000000008002442                HAL_TIMEx_BreakCallback
 .text.UART_EndRxTransfer
                0x0000000008002444       0x5c CMakeFiles/STM32F411-software.elf.dir/Drivers/STM32F4xx_HAL_Driver/Src/stm32f4xx_hal_uart.c.obj
 .text.UART_Transmit_IT
                0x00000000080024a0       0x60 CMakeFiles/STM32F411-software.elf.dir/Drivers/STM32F4xx_HAL_Driver/Src/stm32f4xx_hal_uart.c.obj
 .text.UART_SetConfig
                0x0000000008002500      0x11c CMakeFiles/STM32F411-software.elf.dir/Drivers/STM32F4xx_HAL_Driver/Src/stm32f4xx_hal_uart.c.obj
 .text.HAL_UART_Init
                0x000000000800261c       0x5e CMakeFiles/STM32F411-software.elf.dir/Drivers/STM32F4xx_HAL_Driver/Src/stm32f4xx_hal_uart.c.obj
                0x000000000800261c                HAL_UART_Init
 .text.HAL_UART_TxCpltCallback
                0x000000000800267a        0x2 CMakeFiles/STM32F411-software.elf.dir/Drivers/STM32F4xx_HAL_Driver/Src/stm32f4xx_hal_uart.c.obj
                0x000000000800267a                HAL_UART_TxCpltCallback
 .text.UART_EndTransmit_IT
                0x000000000800267c       0x1a CMakeFiles/STM32F411-software.elf.dir/Drivers/STM32F4xx_HAL_Driver/Src/stm32f4xx_hal_uart.c.obj
 .text.HAL_UART_ErrorCallback
                0x0000000008002696        0x2 CMakeFiles/STM32F411-software.elf.dir/Drivers/STM32F4xx_HAL_Driver/Src/stm32f4xx_hal_uart.c.obj
                0x0000000008002696                HAL_UART_ErrorCallback
 .text.UART_DMAAbortOnError
                0x0000000008002698       0x10 CMakeFiles/STM32F411-software.elf.dir/Drivers/STM32F4xx_HAL_Driver/Src/stm32f4xx_hal_uart.c.obj
 .text.HAL_UARTEx_RxEventCallback
                0x00000000080026a8        0x2 CMakeFiles/STM32F411-software.elf.dir/Drivers/STM32F4xx_HAL_Driver/Src/stm32f4xx_hal_uart.c.obj
                0x00000000080026a8                HAL_UARTEx_RxEventCallback
 .text.UART_Receive_IT
                0x00000000080026aa       0xe2 CMakeFiles/STM32F411-software.elf.dir/Drivers/STM32F4xx_HAL_Driver/Src/stm32f4xx_hal_uart.c.obj
 .text.HAL_UART_IRQHandler
                0x000000000800278c      0x280 CMakeFiles/STM32F411-software.elf.dir/Drivers/STM32F4xx_HAL_Driver/Src/stm32f4xx_hal_uart.c.obj
                0x000000000800278c                HAL_UART_IRQHandler
 .text.UART_Start_Receive_IT
                0x0000000008002a0c       0x36 CMakeFiles/STM32F411-software.elf.dir/Drivers/STM32F4xx_HAL_Driver/Src/stm32f4xx_hal_uart.c.obj
                0x0000000008002a0c                UART_Start_Receive_IT
 .text.HAL_UART_Receive_IT
                0x0000000008002a42       0x38 CMakeFiles/STM32F411-software.elf.dir/Drivers/STM32F4xx_HAL_Driver/Src/stm32f4xx_hal_uart.c.obj
                0x0000000008002a42                HAL_UART_Receive_IT
 *fill*         0x0000000008002a7a        0x2 
 .text.startup  0x0000000008002a7c       0x14 /usr/lib/gcc/arm-none-eabi/9.2.1/../../../arm-none-eabi/lib/thumb/v7e-m/nofp/libg.a(lib_a-__call_atexit.o)
 *(.glue_7)
 .glue_7        0x0000000008002a90        0x0 linker stubs
 *(.glue_7t)
 .glue_7t       0x0000000008002a90        0x0 linker stubs
 *(.eh_frame)
 .eh_frame      0x0000000008002a90        0x0 /usr/lib/gcc/arm-none-eabi/9.2.1/thumb/v7e-m/nofp/crtbegin.o
 *(.init)
 .init          0x0000000008002a90        0x4 /usr/lib/gcc/arm-none-eabi/9.2.1/thumb/v7e-m/nofp/crti.o
                0x0000000008002a90                _init
 .init          0x0000000008002a94        0x8 /usr/lib/gcc/arm-none-eabi/9.2.1/thumb/v7e-m/nofp/crtn.o
 *(.fini)
 .fini          0x0000000008002a9c        0x4 /usr/lib/gcc/arm-none-eabi/9.2.1/thumb/v7e-m/nofp/crti.o
                0x0000000008002a9c                _fini
 .fini          0x0000000008002aa0        0x8 /usr/lib/gcc/arm-none-eabi/9.2.1/thumb/v7e-m/nofp/crtn.o
                0x0000000008002aa8                . = ALIGN (0x4)
                0x0000000008002aa8                _etext = .

.vfp11_veneer   0x0000000008002aa8        0x0
 .vfp11_veneer  0x0000000008002aa8        0x0 linker stubs

.v4_bx          0x0000000008002aa8        0x0
 .v4_bx         0x0000000008002aa8        0x0 linker stubs

.iplt           0x0000000008002aa8        0x0
 .iplt          0x0000000008002aa8        0x0 /usr/lib/gcc/arm-none-eabi/9.2.1/thumb/v7e-m/nofp/crtbegin.o

.rodata         0x0000000008002aa8       0x1c
                0x0000000008002aa8                . = ALIGN (0x4)
 *(.rodata)
 .rodata        0x0000000008002aa8        0x4 /usr/lib/gcc/arm-none-eabi/9.2.1/../../../arm-none-eabi/lib/thumb/v7e-m/nofp/libg.a(lib_a-impure.o)
                0x0000000008002aa8                _global_impure_ptr
 *(.rodata*)
 .rodata.AHBPrescTable
                0x0000000008002aac       0x10 CMakeFiles/STM32F411-software.elf.dir/Core/Src/system_stm32f4xx.c.obj
                0x0000000008002aac                AHBPrescTable
 .rodata.APBPrescTable
                0x0000000008002abc        0x8 CMakeFiles/STM32F411-software.elf.dir/Core/Src/system_stm32f4xx.c.obj
                0x0000000008002abc                APBPrescTable
                0x0000000008002ac4                . = ALIGN (0x4)

.ARM.extab      0x0000000008002ac4        0x0
                0x0000000008002ac4                . = ALIGN (0x4)
 *(.ARM.extab* .gnu.linkonce.armextab.*)
                0x0000000008002ac4                . = ALIGN (0x4)

.ARM            0x0000000008002ac4        0x8
                0x0000000008002ac4                . = ALIGN (0x4)
                0x0000000008002ac4                __exidx_start = .
 *(.ARM.exidx*)
 .ARM.exidx     0x0000000008002ac4        0x8 /usr/lib/gcc/arm-none-eabi/9.2.1/thumb/v7e-m/nofp/libgcc.a(_udivmoddi4.o)
                0x0000000008002acc                __exidx_end = .
                0x0000000008002acc                . = ALIGN (0x4)

.rel.dyn        0x0000000008002acc        0x0
 .rel.iplt      0x0000000008002acc        0x0 /usr/lib/gcc/arm-none-eabi/9.2.1/thumb/v7e-m/nofp/crtbegin.o

.preinit_array  0x0000000008002acc        0x0
                0x0000000008002acc                . = ALIGN (0x4)
                0x0000000008002acc                PROVIDE (__preinit_array_start = .)
 *(.preinit_array*)
                0x0000000008002acc                PROVIDE (__preinit_array_end = .)
                0x0000000008002acc                . = ALIGN (0x4)

.init_array     0x0000000008002acc        0x8
                0x0000000008002acc                . = ALIGN (0x4)
                0x0000000008002acc                PROVIDE (__init_array_start = .)
 *(SORT_BY_NAME(.init_array.*))
 .init_array.00000
                0x0000000008002acc        0x4 /usr/lib/gcc/arm-none-eabi/9.2.1/../../../arm-none-eabi/lib/thumb/v7e-m/nofp/libg.a(lib_a-__call_atexit.o)
 *(.init_array*)
 .init_array    0x0000000008002ad0        0x4 /usr/lib/gcc/arm-none-eabi/9.2.1/thumb/v7e-m/nofp/crtbegin.o
                0x0000000008002ad4                PROVIDE (__init_array_end = .)
                0x0000000008002ad4                . = ALIGN (0x4)

.fini_array     0x0000000008002ad4        0x4
                0x0000000008002ad4                . = ALIGN (0x4)
                0x0000000008002ad4                PROVIDE (__fini_array_start = .)
 *(SORT_BY_NAME(.fini_array.*))
 *(.fini_array*)
 .fini_array    0x0000000008002ad4        0x4 /usr/lib/gcc/arm-none-eabi/9.2.1/thumb/v7e-m/nofp/crtbegin.o
                0x0000000008002ad8                PROVIDE (__fini_array_end = .)
                0x0000000008002ad8                . = ALIGN (0x4)
                0x0000000008002ad8                _sidata = LOADADDR (.data)

.data           0x0000000020000000      0x43c load address 0x0000000008002ad8
                0x0000000020000000                . = ALIGN (0x4)
                0x0000000020000000                _sdata = .
 *(.data)
 .data          0x0000000020000000      0x430 /usr/lib/gcc/arm-none-eabi/9.2.1/../../../arm-none-eabi/lib/thumb/v7e-m/nofp/libg.a(lib_a-impure.o)
                0x0000000020000000                _impure_ptr
 *(.data*)
 .data.SystemCoreClock
                0x0000000020000430        0x4 CMakeFiles/STM32F411-software.elf.dir/Core/Src/system_stm32f4xx.c.obj
                0x0000000020000430                SystemCoreClock
 .data.uwTickFreq
                0x0000000020000434        0x1 CMakeFiles/STM32F411-software.elf.dir/Drivers/STM32F4xx_HAL_Driver/Src/stm32f4xx_hal.c.obj
                0x0000000020000434                uwTickFreq
 *fill*         0x0000000020000435        0x3 
 .data.uwTickPrio
                0x0000000020000438        0x4 CMakeFiles/STM32F411-software.elf.dir/Drivers/STM32F4xx_HAL_Driver/Src/stm32f4xx_hal.c.obj
                0x0000000020000438                uwTickPrio
 *(.RamFunc)
 *(.RamFunc*)
                0x000000002000043c                . = ALIGN (0x4)
                0x000000002000043c                _edata = .

.tm_clone_table
                0x000000002000043c        0x0 load address 0x0000000008002f14
 .tm_clone_table
                0x000000002000043c        0x0 /usr/lib/gcc/arm-none-eabi/9.2.1/thumb/v7e-m/nofp/crtbegin.o
 .tm_clone_table
                0x000000002000043c        0x0 /usr/lib/gcc/arm-none-eabi/9.2.1/thumb/v7e-m/nofp/crtend.o

.igot.plt       0x000000002000043c        0x0 load address 0x0000000008002f14
 .igot.plt      0x000000002000043c        0x0 /usr/lib/gcc/arm-none-eabi/9.2.1/thumb/v7e-m/nofp/crtbegin.o
                0x000000002000043c                . = ALIGN (0x4)

.bss            0x000000002000043c      0x234 load address 0x0000000008002f14
                0x000000002000043c                _sbss = .
                0x000000002000043c                __bss_start__ = _sbss
 *(.bss)
 .bss           0x000000002000043c       0x1c /usr/lib/gcc/arm-none-eabi/9.2.1/thumb/v7e-m/nofp/crtbegin.o
 *(.bss*)
 .bss.command   0x0000000020000458        0x4 CMakeFiles/STM32F411-software.elf.dir/Core/Src/main.c.obj
                0x0000000020000458                command
 .bss.hi2c2     0x000000002000045c       0x54 CMakeFiles/STM32F411-software.elf.dir/Core/Src/main.c.obj
                0x000000002000045c                hi2c2
 .bss.hspi2     0x00000000200004b0       0x58 CMakeFiles/STM32F411-software.elf.dir/Core/Src/main.c.obj
                0x00000000200004b0                hspi2
 .bss.htim3     0x0000000020000508       0x48 CMakeFiles/STM32F411-software.elf.dir/Core/Src/main.c.obj
                0x0000000020000508                htim3
 .bss.htim4     0x0000000020000550       0x48 CMakeFiles/STM32F411-software.elf.dir/Core/Src/main.c.obj
                0x0000000020000550                htim4
 .bss.htim9     0x0000000020000598       0x48 CMakeFiles/STM32F411-software.elf.dir/Core/Src/main.c.obj
                0x0000000020000598                htim9
 .bss.huart1    0x00000000200005e0       0x44 CMakeFiles/STM32F411-software.elf.dir/Core/Src/main.c.obj
                0x00000000200005e0                huart1
 .bss.huart6    0x0000000020000624       0x44 CMakeFiles/STM32F411-software.elf.dir/Core/Src/main.c.obj
                0x0000000020000624                huart6
 .bss.return_msg
                0x0000000020000668        0x4 CMakeFiles/STM32F411-software.elf.dir/Core/Src/main.c.obj
                0x0000000020000668                return_msg
 .bss.uwTick    0x000000002000066c        0x4 CMakeFiles/STM32F411-software.elf.dir/Drivers/STM32F4xx_HAL_Driver/Src/stm32f4xx_hal.c.obj
                0x000000002000066c                uwTick
 *(COMMON)
                0x0000000020000670                . = ALIGN (0x4)
                0x0000000020000670                _ebss = .
                0x0000000020000670                __bss_end__ = _ebss

._user_heap_stack
                0x0000000020000670      0x600 load address 0x0000000008002f14
                0x0000000020000670                . = ALIGN (0x8)
                [!provide]                        PROVIDE (end = .)
                0x0000000020000670                PROVIDE (_end = .)
                0x0000000020000870                . = (. + _Min_Heap_Size)
 *fill*         0x0000000020000670      0x200 
                0x0000000020000c70                . = (. + _Min_Stack_Size)
 *fill*         0x0000000020000870      0x400 
                0x0000000020000c70                . = ALIGN (0x8)

/DISCARD/
 libc.a(*)
 libm.a(*)
 libgcc.a(*)

.ARM.attributes
                0x0000000000000000       0x2a
 *(.ARM.attributes)
 .ARM.attributes
                0x0000000000000000       0x1e /usr/lib/gcc/arm-none-eabi/9.2.1/thumb/v7e-m/nofp/crti.o
 .ARM.attributes
                0x000000000000001e       0x2e /usr/lib/gcc/arm-none-eabi/9.2.1/thumb/v7e-m/nofp/crtbegin.o
 .ARM.attributes
                0x000000000000004c       0x2e CMakeFiles/STM32F411-software.elf.dir/Core/Src/main.c.obj
 .ARM.attributes
                0x000000000000007a       0x2e CMakeFiles/STM32F411-software.elf.dir/Core/Src/stm32f4xx_hal_msp.c.obj
 .ARM.attributes
                0x00000000000000a8       0x2e CMakeFiles/STM32F411-software.elf.dir/Core/Src/stm32f4xx_it.c.obj
 .ARM.attributes
                0x00000000000000d6       0x2e CMakeFiles/STM32F411-software.elf.dir/Core/Src/system_stm32f4xx.c.obj
 .ARM.attributes
                0x0000000000000104       0x21 CMakeFiles/STM32F411-software.elf.dir/Core/Startup/startup_stm32f411ceux.s.obj
 .ARM.attributes
                0x0000000000000125       0x2e CMakeFiles/STM32F411-software.elf.dir/Drivers/STM32F4xx_HAL_Driver/Src/stm32f4xx_hal.c.obj
 .ARM.attributes
                0x0000000000000153       0x2e CMakeFiles/STM32F411-software.elf.dir/Drivers/STM32F4xx_HAL_Driver/Src/stm32f4xx_hal_cortex.c.obj
 .ARM.attributes
                0x0000000000000181       0x2e CMakeFiles/STM32F411-software.elf.dir/Drivers/STM32F4xx_HAL_Driver/Src/stm32f4xx_hal_dma.c.obj
 .ARM.attributes
                0x00000000000001af       0x2e CMakeFiles/STM32F411-software.elf.dir/Drivers/STM32F4xx_HAL_Driver/Src/stm32f4xx_hal_gpio.c.obj
 .ARM.attributes
                0x00000000000001dd       0x2e CMakeFiles/STM32F411-software.elf.dir/Drivers/STM32F4xx_HAL_Driver/Src/stm32f4xx_hal_i2c.c.obj
 .ARM.attributes
                0x000000000000020b       0x2e CMakeFiles/STM32F411-software.elf.dir/Drivers/STM32F4xx_HAL_Driver/Src/stm32f4xx_hal_rcc.c.obj
 .ARM.attributes
                0x0000000000000239       0x2e CMakeFiles/STM32F411-software.elf.dir/Drivers/STM32F4xx_HAL_Driver/Src/stm32f4xx_hal_spi.c.obj
 .ARM.attributes
                0x0000000000000267       0x2e CMakeFiles/STM32F411-software.elf.dir/Drivers/STM32F4xx_HAL_Driver/Src/stm32f4xx_hal_tim.c.obj
 .ARM.attributes
                0x0000000000000295       0x2e CMakeFiles/STM32F411-software.elf.dir/Drivers/STM32F4xx_HAL_Driver/Src/stm32f4xx_hal_tim_ex.c.obj
 .ARM.attributes
                0x00000000000002c3       0x2e CMakeFiles/STM32F411-software.elf.dir/Drivers/STM32F4xx_HAL_Driver/Src/stm32f4xx_hal_uart.c.obj
 .ARM.attributes
                0x00000000000002f1       0x1e /usr/lib/gcc/arm-none-eabi/9.2.1/thumb/v7e-m/nofp/libgcc.a(_aeabi_uldivmod.o)
 .ARM.attributes
                0x000000000000030f       0x2e /usr/lib/gcc/arm-none-eabi/9.2.1/thumb/v7e-m/nofp/libgcc.a(_udivmoddi4.o)
 .ARM.attributes
                0x000000000000033d       0x1e /usr/lib/gcc/arm-none-eabi/9.2.1/thumb/v7e-m/nofp/libgcc.a(_dvmd_tls.o)
 .ARM.attributes
                0x000000000000035b       0x2e /usr/lib/gcc/arm-none-eabi/9.2.1/../../../arm-none-eabi/lib/thumb/v7e-m/nofp/libg.a(lib_a-atexit.o)
 .ARM.attributes
                0x0000000000000389       0x2e /usr/lib/gcc/arm-none-eabi/9.2.1/../../../arm-none-eabi/lib/thumb/v7e-m/nofp/libg.a(lib_a-fini.o)
 .ARM.attributes
                0x00000000000003b7       0x2e /usr/lib/gcc/arm-none-eabi/9.2.1/../../../arm-none-eabi/lib/thumb/v7e-m/nofp/libg.a(lib_a-impure.o)
 .ARM.attributes
                0x00000000000003e5       0x2e /usr/lib/gcc/arm-none-eabi/9.2.1/../../../arm-none-eabi/lib/thumb/v7e-m/nofp/libg.a(lib_a-init.o)
 .ARM.attributes
                0x0000000000000413       0x2e /usr/lib/gcc/arm-none-eabi/9.2.1/../../../arm-none-eabi/lib/thumb/v7e-m/nofp/libg.a(lib_a-memset.o)
 .ARM.attributes
                0x0000000000000441       0x2e /usr/lib/gcc/arm-none-eabi/9.2.1/../../../arm-none-eabi/lib/thumb/v7e-m/nofp/libg.a(lib_a-__atexit.o)
 .ARM.attributes
                0x000000000000046f       0x2e /usr/lib/gcc/arm-none-eabi/9.2.1/../../../arm-none-eabi/lib/thumb/v7e-m/nofp/libg.a(lib_a-__call_atexit.o)
 .ARM.attributes
                0x000000000000049d       0x2e /usr/lib/gcc/arm-none-eabi/9.2.1/thumb/v7e-m/nofp/crtend.o
 .ARM.attributes
                0x00000000000004cb       0x1e /usr/lib/gcc/arm-none-eabi/9.2.1/thumb/v7e-m/nofp/crtn.o
OUTPUT(STM32F411-software.elf elf32-littlearm)
LOAD linker stubs
LOAD /usr/lib/gcc/arm-none-eabi/9.2.1/../../../arm-none-eabi/lib/thumb/v7e-m/nofp/libc.a
LOAD /usr/lib/gcc/arm-none-eabi/9.2.1/../../../arm-none-eabi/lib/thumb/v7e-m/nofp/libm.a
LOAD /usr/lib/gcc/arm-none-eabi/9.2.1/thumb/v7e-m/nofp/libgcc.a

.comment        0x0000000000000000       0xa7
 .comment       0x0000000000000000       0x59 /usr/lib/gcc/arm-none-eabi/9.2.1/thumb/v7e-m/nofp/crtbegin.o
                                         0x5a (size before relaxing)
 .comment       0x0000000000000059       0x5a CMakeFiles/STM32F411-software.elf.dir/Core/Src/main.c.obj
 .comment       0x0000000000000059       0x5a CMakeFiles/STM32F411-software.elf.dir/Core/Src/stm32f4xx_hal_msp.c.obj
 .comment       0x0000000000000059       0x5a CMakeFiles/STM32F411-software.elf.dir/Core/Src/stm32f4xx_it.c.obj
 .comment       0x0000000000000059       0x5a CMakeFiles/STM32F411-software.elf.dir/Core/Src/system_stm32f4xx.c.obj
 .comment       0x0000000000000059       0x5a CMakeFiles/STM32F411-software.elf.dir/Drivers/STM32F4xx_HAL_Driver/Src/stm32f4xx_hal.c.obj
 .comment       0x0000000000000059       0x5a CMakeFiles/STM32F411-software.elf.dir/Drivers/STM32F4xx_HAL_Driver/Src/stm32f4xx_hal_cortex.c.obj
 .comment       0x0000000000000059       0x5a CMakeFiles/STM32F411-software.elf.dir/Drivers/STM32F4xx_HAL_Driver/Src/stm32f4xx_hal_dma.c.obj
 .comment       0x0000000000000059       0x5a CMakeFiles/STM32F411-software.elf.dir/Drivers/STM32F4xx_HAL_Driver/Src/stm32f4xx_hal_gpio.c.obj
 .comment       0x0000000000000059       0x5a CMakeFiles/STM32F411-software.elf.dir/Drivers/STM32F4xx_HAL_Driver/Src/stm32f4xx_hal_i2c.c.obj
 .comment       0x0000000000000059       0x5a CMakeFiles/STM32F411-software.elf.dir/Drivers/STM32F4xx_HAL_Driver/Src/stm32f4xx_hal_rcc.c.obj
 .comment       0x0000000000000059       0x5a CMakeFiles/STM32F411-software.elf.dir/Drivers/STM32F4xx_HAL_Driver/Src/stm32f4xx_hal_spi.c.obj
 .comment       0x0000000000000059       0x5a CMakeFiles/STM32F411-software.elf.dir/Drivers/STM32F4xx_HAL_Driver/Src/stm32f4xx_hal_tim.c.obj
 .comment       0x0000000000000059       0x5a CMakeFiles/STM32F411-software.elf.dir/Drivers/STM32F4xx_HAL_Driver/Src/stm32f4xx_hal_tim_ex.c.obj
 .comment       0x0000000000000059       0x5a CMakeFiles/STM32F411-software.elf.dir/Drivers/STM32F4xx_HAL_Driver/Src/stm32f4xx_hal_uart.c.obj
 .comment       0x0000000000000059       0x5a /usr/lib/gcc/arm-none-eabi/9.2.1/thumb/v7e-m/nofp/libgcc.a(_udivmoddi4.o)
 .comment       0x0000000000000059       0x4e /usr/lib/gcc/arm-none-eabi/9.2.1/../../../arm-none-eabi/lib/thumb/v7e-m/nofp/libg.a(lib_a-atexit.o)
                                         0x4f (size before relaxing)
 .comment       0x00000000000000a7       0x4f /usr/lib/gcc/arm-none-eabi/9.2.1/../../../arm-none-eabi/lib/thumb/v7e-m/nofp/libg.a(lib_a-fini.o)
 .comment       0x00000000000000a7       0x4f /usr/lib/gcc/arm-none-eabi/9.2.1/../../../arm-none-eabi/lib/thumb/v7e-m/nofp/libg.a(lib_a-impure.o)
 .comment       0x00000000000000a7       0x4f /usr/lib/gcc/arm-none-eabi/9.2.1/../../../arm-none-eabi/lib/thumb/v7e-m/nofp/libg.a(lib_a-init.o)
 .comment       0x00000000000000a7       0x4f /usr/lib/gcc/arm-none-eabi/9.2.1/../../../arm-none-eabi/lib/thumb/v7e-m/nofp/libg.a(lib_a-memset.o)
 .comment       0x00000000000000a7       0x4f /usr/lib/gcc/arm-none-eabi/9.2.1/../../../arm-none-eabi/lib/thumb/v7e-m/nofp/libg.a(lib_a-__atexit.o)
 .comment       0x00000000000000a7       0x4f /usr/lib/gcc/arm-none-eabi/9.2.1/../../../arm-none-eabi/lib/thumb/v7e-m/nofp/libg.a(lib_a-__call_atexit.o)
 .comment       0x00000000000000a7       0x5a /usr/lib/gcc/arm-none-eabi/9.2.1/thumb/v7e-m/nofp/crtend.o

.debug_info     0x0000000000000000    0x1bb85
 .debug_info    0x0000000000000000     0x1e34 CMakeFiles/STM32F411-software.elf.dir/Core/Src/main.c.obj
 .debug_info    0x0000000000001e34     0x193f CMakeFiles/STM32F411-software.elf.dir/Core/Src/stm32f4xx_hal_msp.c.obj
 .debug_info    0x0000000000003773      0xaaf CMakeFiles/STM32F411-software.elf.dir/Core/Src/stm32f4xx_it.c.obj
 .debug_info    0x0000000000004222      0x406 CMakeFiles/STM32F411-software.elf.dir/Core/Src/system_stm32f4xx.c.obj
 .debug_info    0x0000000000004628       0x22 CMakeFiles/STM32F411-software.elf.dir/Core/Startup/startup_stm32f411ceux.s.obj
 .debug_info    0x000000000000464a      0x9e7 CMakeFiles/STM32F411-software.elf.dir/Drivers/STM32F4xx_HAL_Driver/Src/stm32f4xx_hal.c.obj
 .debug_info    0x0000000000005031     0x10a0 CMakeFiles/STM32F411-software.elf.dir/Drivers/STM32F4xx_HAL_Driver/Src/stm32f4xx_hal_cortex.c.obj
 .debug_info    0x00000000000060d1      0xbc1 CMakeFiles/STM32F411-software.elf.dir/Drivers/STM32F4xx_HAL_Driver/Src/stm32f4xx_hal_dma.c.obj
 .debug_info    0x0000000000006c92      0x878 CMakeFiles/STM32F411-software.elf.dir/Drivers/STM32F4xx_HAL_Driver/Src/stm32f4xx_hal_gpio.c.obj
 .debug_info    0x000000000000750a     0x39e2 CMakeFiles/STM32F411-software.elf.dir/Drivers/STM32F4xx_HAL_Driver/Src/stm32f4xx_hal_i2c.c.obj
 .debug_info    0x000000000000aeec      0xb49 CMakeFiles/STM32F411-software.elf.dir/Drivers/STM32F4xx_HAL_Driver/Src/stm32f4xx_hal_rcc.c.obj
 .debug_info    0x000000000000ba35     0x1f25 CMakeFiles/STM32F411-software.elf.dir/Drivers/STM32F4xx_HAL_Driver/Src/stm32f4xx_hal_spi.c.obj
 .debug_info    0x000000000000d95a     0x3e04 CMakeFiles/STM32F411-software.elf.dir/Drivers/STM32F4xx_HAL_Driver/Src/stm32f4xx_hal_tim.c.obj
 .debug_info    0x000000000001175e     0x1b90 CMakeFiles/STM32F411-software.elf.dir/Drivers/STM32F4xx_HAL_Driver/Src/stm32f4xx_hal_tim_ex.c.obj
 .debug_info    0x00000000000132ee     0x42a8 CMakeFiles/STM32F411-software.elf.dir/Drivers/STM32F4xx_HAL_Driver/Src/stm32f4xx_hal_uart.c.obj
 .debug_info    0x0000000000017596       0x26 /usr/lib/gcc/arm-none-eabi/9.2.1/thumb/v7e-m/nofp/libgcc.a(_aeabi_uldivmod.o)
 .debug_info    0x00000000000175bc      0xd7c /usr/lib/gcc/arm-none-eabi/9.2.1/thumb/v7e-m/nofp/libgcc.a(_udivmoddi4.o)
 .debug_info    0x0000000000018338       0x26 /usr/lib/gcc/arm-none-eabi/9.2.1/thumb/v7e-m/nofp/libgcc.a(_dvmd_tls.o)
 .debug_info    0x000000000001835e      0x995 /usr/lib/gcc/arm-none-eabi/9.2.1/../../../arm-none-eabi/lib/thumb/v7e-m/nofp/libg.a(lib_a-atexit.o)
 .debug_info    0x0000000000018cf3      0x102 /usr/lib/gcc/arm-none-eabi/9.2.1/../../../arm-none-eabi/lib/thumb/v7e-m/nofp/libg.a(lib_a-fini.o)
 .debug_info    0x0000000000018df5      0x92a /usr/lib/gcc/arm-none-eabi/9.2.1/../../../arm-none-eabi/lib/thumb/v7e-m/nofp/libg.a(lib_a-impure.o)
 .debug_info    0x000000000001971f      0x11a /usr/lib/gcc/arm-none-eabi/9.2.1/../../../arm-none-eabi/lib/thumb/v7e-m/nofp/libg.a(lib_a-init.o)
 .debug_info    0x0000000000019839      0xf21 /usr/lib/gcc/arm-none-eabi/9.2.1/../../../arm-none-eabi/lib/thumb/v7e-m/nofp/libg.a(lib_a-memset.o)
 .debug_info    0x000000000001a75a      0x9d5 /usr/lib/gcc/arm-none-eabi/9.2.1/../../../arm-none-eabi/lib/thumb/v7e-m/nofp/libg.a(lib_a-__atexit.o)
 .debug_info    0x000000000001b12f      0xa56 /usr/lib/gcc/arm-none-eabi/9.2.1/../../../arm-none-eabi/lib/thumb/v7e-m/nofp/libg.a(lib_a-__call_atexit.o)

.debug_abbrev   0x0000000000000000     0x3162
 .debug_abbrev  0x0000000000000000      0x2e4 CMakeFiles/STM32F411-software.elf.dir/Core/Src/main.c.obj
 .debug_abbrev  0x00000000000002e4      0x239 CMakeFiles/STM32F411-software.elf.dir/Core/Src/stm32f4xx_hal_msp.c.obj
 .debug_abbrev  0x000000000000051d      0x1b7 CMakeFiles/STM32F411-software.elf.dir/Core/Src/stm32f4xx_it.c.obj
 .debug_abbrev  0x00000000000006d4      0x148 CMakeFiles/STM32F411-software.elf.dir/Core/Src/system_stm32f4xx.c.obj
 .debug_abbrev  0x000000000000081c       0x12 CMakeFiles/STM32F411-software.elf.dir/Core/Startup/startup_stm32f411ceux.s.obj
 .debug_abbrev  0x000000000000082e      0x24a CMakeFiles/STM32F411-software.elf.dir/Drivers/STM32F4xx_HAL_Driver/Src/stm32f4xx_hal.c.obj
 .debug_abbrev  0x0000000000000a78      0x390 CMakeFiles/STM32F411-software.elf.dir/Drivers/STM32F4xx_HAL_Driver/Src/stm32f4xx_hal_cortex.c.obj
 .debug_abbrev  0x0000000000000e08      0x295 CMakeFiles/STM32F411-software.elf.dir/Drivers/STM32F4xx_HAL_Driver/Src/stm32f4xx_hal_dma.c.obj
 .debug_abbrev  0x000000000000109d      0x21c CMakeFiles/STM32F411-software.elf.dir/Drivers/STM32F4xx_HAL_Driver/Src/stm32f4xx_hal_gpio.c.obj
 .debug_abbrev  0x00000000000012b9      0x2bc CMakeFiles/STM32F411-software.elf.dir/Drivers/STM32F4xx_HAL_Driver/Src/stm32f4xx_hal_i2c.c.obj
 .debug_abbrev  0x0000000000001575      0x2ae CMakeFiles/STM32F411-software.elf.dir/Drivers/STM32F4xx_HAL_Driver/Src/stm32f4xx_hal_rcc.c.obj
 .debug_abbrev  0x0000000000001823      0x27a CMakeFiles/STM32F411-software.elf.dir/Drivers/STM32F4xx_HAL_Driver/Src/stm32f4xx_hal_spi.c.obj
 .debug_abbrev  0x0000000000001a9d      0x269 CMakeFiles/STM32F411-software.elf.dir/Drivers/STM32F4xx_HAL_Driver/Src/stm32f4xx_hal_tim.c.obj
 .debug_abbrev  0x0000000000001d06      0x27f CMakeFiles/STM32F411-software.elf.dir/Drivers/STM32F4xx_HAL_Driver/Src/stm32f4xx_hal_tim_ex.c.obj
 .debug_abbrev  0x0000000000001f85      0x353 CMakeFiles/STM32F411-software.elf.dir/Drivers/STM32F4xx_HAL_Driver/Src/stm32f4xx_hal_uart.c.obj
 .debug_abbrev  0x00000000000022d8       0x14 /usr/lib/gcc/arm-none-eabi/9.2.1/thumb/v7e-m/nofp/libgcc.a(_aeabi_uldivmod.o)
 .debug_abbrev  0x00000000000022ec      0x1c2 /usr/lib/gcc/arm-none-eabi/9.2.1/thumb/v7e-m/nofp/libgcc.a(_udivmoddi4.o)
 .debug_abbrev  0x00000000000024ae       0x14 /usr/lib/gcc/arm-none-eabi/9.2.1/thumb/v7e-m/nofp/libgcc.a(_dvmd_tls.o)
 .debug_abbrev  0x00000000000024c2      0x232 /usr/lib/gcc/arm-none-eabi/9.2.1/../../../arm-none-eabi/lib/thumb/v7e-m/nofp/libg.a(lib_a-atexit.o)
 .debug_abbrev  0x00000000000026f4       0xcf /usr/lib/gcc/arm-none-eabi/9.2.1/../../../arm-none-eabi/lib/thumb/v7e-m/nofp/libg.a(lib_a-fini.o)
 .debug_abbrev  0x00000000000027c3      0x1b8 /usr/lib/gcc/arm-none-eabi/9.2.1/../../../arm-none-eabi/lib/thumb/v7e-m/nofp/libg.a(lib_a-impure.o)
 .debug_abbrev  0x000000000000297b       0xcc /usr/lib/gcc/arm-none-eabi/9.2.1/../../../arm-none-eabi/lib/thumb/v7e-m/nofp/libg.a(lib_a-init.o)
 .debug_abbrev  0x0000000000002a47      0x217 /usr/lib/gcc/arm-none-eabi/9.2.1/../../../arm-none-eabi/lib/thumb/v7e-m/nofp/libg.a(lib_a-memset.o)
 .debug_abbrev  0x0000000000002c5e      0x252 /usr/lib/gcc/arm-none-eabi/9.2.1/../../../arm-none-eabi/lib/thumb/v7e-m/nofp/libg.a(lib_a-__atexit.o)
 .debug_abbrev  0x0000000000002eb0      0x2b2 /usr/lib/gcc/arm-none-eabi/9.2.1/../../../arm-none-eabi/lib/thumb/v7e-m/nofp/libg.a(lib_a-__call_atexit.o)

.debug_loc      0x0000000000000000    0x14ea2
 .debug_loc     0x0000000000000000       0x25 CMakeFiles/STM32F411-software.elf.dir/Core/Src/main.c.obj
 .debug_loc     0x0000000000000025      0x2c6 CMakeFiles/STM32F411-software.elf.dir/Core/Src/stm32f4xx_hal_msp.c.obj
 .debug_loc     0x00000000000002eb      0x16c CMakeFiles/STM32F411-software.elf.dir/Core/Src/system_stm32f4xx.c.obj
 .debug_loc     0x0000000000000457      0x141 CMakeFiles/STM32F411-software.elf.dir/Drivers/STM32F4xx_HAL_Driver/Src/stm32f4xx_hal.c.obj
 .debug_loc     0x0000000000000598      0x744 CMakeFiles/STM32F411-software.elf.dir/Drivers/STM32F4xx_HAL_Driver/Src/stm32f4xx_hal_cortex.c.obj
 .debug_loc     0x0000000000000cdc      0xbf9 CMakeFiles/STM32F411-software.elf.dir/Drivers/STM32F4xx_HAL_Driver/Src/stm32f4xx_hal_dma.c.obj
 .debug_loc     0x00000000000018d5      0x513 CMakeFiles/STM32F411-software.elf.dir/Drivers/STM32F4xx_HAL_Driver/Src/stm32f4xx_hal_gpio.c.obj
 .debug_loc     0x0000000000001de8     0x4108 CMakeFiles/STM32F411-software.elf.dir/Drivers/STM32F4xx_HAL_Driver/Src/stm32f4xx_hal_i2c.c.obj
 .debug_loc     0x0000000000005ef0      0x56f CMakeFiles/STM32F411-software.elf.dir/Drivers/STM32F4xx_HAL_Driver/Src/stm32f4xx_hal_rcc.c.obj
 .debug_loc     0x000000000000645f     0x1ddd CMakeFiles/STM32F411-software.elf.dir/Drivers/STM32F4xx_HAL_Driver/Src/stm32f4xx_hal_spi.c.obj
 .debug_loc     0x000000000000823c     0x5066 CMakeFiles/STM32F411-software.elf.dir/Drivers/STM32F4xx_HAL_Driver/Src/stm32f4xx_hal_tim.c.obj
 .debug_loc     0x000000000000d2a2     0x1c84 CMakeFiles/STM32F411-software.elf.dir/Drivers/STM32F4xx_HAL_Driver/Src/stm32f4xx_hal_tim_ex.c.obj
 .debug_loc     0x000000000000ef26     0x49eb CMakeFiles/STM32F411-software.elf.dir/Drivers/STM32F4xx_HAL_Driver/Src/stm32f4xx_hal_uart.c.obj
 .debug_loc     0x0000000000013911      0xf8a /usr/lib/gcc/arm-none-eabi/9.2.1/thumb/v7e-m/nofp/libgcc.a(_udivmoddi4.o)
 .debug_loc     0x000000000001489b       0x32 /usr/lib/gcc/arm-none-eabi/9.2.1/../../../arm-none-eabi/lib/thumb/v7e-m/nofp/libg.a(lib_a-atexit.o)
 .debug_loc     0x00000000000148cd       0x68 /usr/lib/gcc/arm-none-eabi/9.2.1/../../../arm-none-eabi/lib/thumb/v7e-m/nofp/libg.a(lib_a-fini.o)
 .debug_loc     0x0000000000014935       0xba /usr/lib/gcc/arm-none-eabi/9.2.1/../../../arm-none-eabi/lib/thumb/v7e-m/nofp/libg.a(lib_a-init.o)
 .debug_loc     0x00000000000149ef      0x231 /usr/lib/gcc/arm-none-eabi/9.2.1/../../../arm-none-eabi/lib/thumb/v7e-m/nofp/libg.a(lib_a-memset.o)
 .debug_loc     0x0000000000014c20      0x138 /usr/lib/gcc/arm-none-eabi/9.2.1/../../../arm-none-eabi/lib/thumb/v7e-m/nofp/libg.a(lib_a-__atexit.o)
 .debug_loc     0x0000000000014d58      0x14a /usr/lib/gcc/arm-none-eabi/9.2.1/../../../arm-none-eabi/lib/thumb/v7e-m/nofp/libg.a(lib_a-__call_atexit.o)

.debug_aranges  0x0000000000000000     0x11a8
 .debug_aranges
                0x0000000000000000       0x88 CMakeFiles/STM32F411-software.elf.dir/Core/Src/main.c.obj
 .debug_aranges
                0x0000000000000088       0x68 CMakeFiles/STM32F411-software.elf.dir/Core/Src/stm32f4xx_hal_msp.c.obj
 .debug_aranges
                0x00000000000000f0       0x78 CMakeFiles/STM32F411-software.elf.dir/Core/Src/stm32f4xx_it.c.obj
 .debug_aranges
                0x0000000000000168       0x28 CMakeFiles/STM32F411-software.elf.dir/Core/Src/system_stm32f4xx.c.obj
 .debug_aranges
                0x0000000000000190       0x28 CMakeFiles/STM32F411-software.elf.dir/Core/Startup/startup_stm32f411ceux.s.obj
 .debug_aranges
                0x00000000000001b8       0xf0 CMakeFiles/STM32F411-software.elf.dir/Drivers/STM32F4xx_HAL_Driver/Src/stm32f4xx_hal.c.obj
 .debug_aranges
                0x00000000000002a8       0xa8 CMakeFiles/STM32F411-software.elf.dir/Drivers/STM32F4xx_HAL_Driver/Src/stm32f4xx_hal_cortex.c.obj
 .debug_aranges
                0x0000000000000350       0x90 CMakeFiles/STM32F411-software.elf.dir/Drivers/STM32F4xx_HAL_Driver/Src/stm32f4xx_hal_dma.c.obj
 .debug_aranges
                0x00000000000003e0       0x58 CMakeFiles/STM32F411-software.elf.dir/Drivers/STM32F4xx_HAL_Driver/Src/stm32f4xx_hal_gpio.c.obj
 .debug_aranges
                0x0000000000000438      0x2a0 CMakeFiles/STM32F411-software.elf.dir/Drivers/STM32F4xx_HAL_Driver/Src/stm32f4xx_hal_i2c.c.obj
 .debug_aranges
                0x00000000000006d8       0x88 CMakeFiles/STM32F411-software.elf.dir/Drivers/STM32F4xx_HAL_Driver/Src/stm32f4xx_hal_rcc.c.obj
 .debug_aranges
                0x0000000000000760      0x1d0 CMakeFiles/STM32F411-software.elf.dir/Drivers/STM32F4xx_HAL_Driver/Src/stm32f4xx_hal_spi.c.obj
 .debug_aranges
                0x0000000000000930      0x3d0 CMakeFiles/STM32F411-software.elf.dir/Drivers/STM32F4xx_HAL_Driver/Src/stm32f4xx_hal_tim.c.obj
 .debug_aranges
                0x0000000000000d00      0x168 CMakeFiles/STM32F411-software.elf.dir/Drivers/STM32F4xx_HAL_Driver/Src/stm32f4xx_hal_tim_ex.c.obj
 .debug_aranges
                0x0000000000000e68      0x200 CMakeFiles/STM32F411-software.elf.dir/Drivers/STM32F4xx_HAL_Driver/Src/stm32f4xx_hal_uart.c.obj
 .debug_aranges
                0x0000000000001068       0x20 /usr/lib/gcc/arm-none-eabi/9.2.1/thumb/v7e-m/nofp/libgcc.a(_aeabi_uldivmod.o)
 .debug_aranges
                0x0000000000001088       0x20 /usr/lib/gcc/arm-none-eabi/9.2.1/thumb/v7e-m/nofp/libgcc.a(_udivmoddi4.o)
 .debug_aranges
                0x00000000000010a8       0x20 /usr/lib/gcc/arm-none-eabi/9.2.1/thumb/v7e-m/nofp/libgcc.a(_dvmd_tls.o)
 .debug_aranges
                0x00000000000010c8       0x20 /usr/lib/gcc/arm-none-eabi/9.2.1/../../../arm-none-eabi/lib/thumb/v7e-m/nofp/libg.a(lib_a-atexit.o)
 .debug_aranges
                0x00000000000010e8       0x20 /usr/lib/gcc/arm-none-eabi/9.2.1/../../../arm-none-eabi/lib/thumb/v7e-m/nofp/libg.a(lib_a-fini.o)
 .debug_aranges
                0x0000000000001108       0x18 /usr/lib/gcc/arm-none-eabi/9.2.1/../../../arm-none-eabi/lib/thumb/v7e-m/nofp/libg.a(lib_a-impure.o)
 .debug_aranges
                0x0000000000001120       0x20 /usr/lib/gcc/arm-none-eabi/9.2.1/../../../arm-none-eabi/lib/thumb/v7e-m/nofp/libg.a(lib_a-init.o)
 .debug_aranges
                0x0000000000001140       0x20 /usr/lib/gcc/arm-none-eabi/9.2.1/../../../arm-none-eabi/lib/thumb/v7e-m/nofp/libg.a(lib_a-memset.o)
 .debug_aranges
                0x0000000000001160       0x20 /usr/lib/gcc/arm-none-eabi/9.2.1/../../../arm-none-eabi/lib/thumb/v7e-m/nofp/libg.a(lib_a-__atexit.o)
 .debug_aranges
                0x0000000000001180       0x28 /usr/lib/gcc/arm-none-eabi/9.2.1/../../../arm-none-eabi/lib/thumb/v7e-m/nofp/libg.a(lib_a-__call_atexit.o)

.debug_ranges   0x0000000000000000     0x1128
 .debug_ranges  0x0000000000000000       0x78 CMakeFiles/STM32F411-software.elf.dir/Core/Src/main.c.obj
 .debug_ranges  0x0000000000000078       0x58 CMakeFiles/STM32F411-software.elf.dir/Core/Src/stm32f4xx_hal_msp.c.obj
 .debug_ranges  0x00000000000000d0       0x68 CMakeFiles/STM32F411-software.elf.dir/Core/Src/stm32f4xx_it.c.obj
 .debug_ranges  0x0000000000000138       0x18 CMakeFiles/STM32F411-software.elf.dir/Core/Src/system_stm32f4xx.c.obj
 .debug_ranges  0x0000000000000150       0x20 CMakeFiles/STM32F411-software.elf.dir/Core/Startup/startup_stm32f411ceux.s.obj
 .debug_ranges  0x0000000000000170       0xe0 CMakeFiles/STM32F411-software.elf.dir/Drivers/STM32F4xx_HAL_Driver/Src/stm32f4xx_hal.c.obj
 .debug_ranges  0x0000000000000250       0xf8 CMakeFiles/STM32F411-software.elf.dir/Drivers/STM32F4xx_HAL_Driver/Src/stm32f4xx_hal_cortex.c.obj
 .debug_ranges  0x0000000000000348       0x80 CMakeFiles/STM32F411-software.elf.dir/Drivers/STM32F4xx_HAL_Driver/Src/stm32f4xx_hal_dma.c.obj
 .debug_ranges  0x00000000000003c8       0x48 CMakeFiles/STM32F411-software.elf.dir/Drivers/STM32F4xx_HAL_Driver/Src/stm32f4xx_hal_gpio.c.obj
 .debug_ranges  0x0000000000000410      0x2a8 CMakeFiles/STM32F411-software.elf.dir/Drivers/STM32F4xx_HAL_Driver/Src/stm32f4xx_hal_i2c.c.obj
 .debug_ranges  0x00000000000006b8       0x90 CMakeFiles/STM32F411-software.elf.dir/Drivers/STM32F4xx_HAL_Driver/Src/stm32f4xx_hal_rcc.c.obj
 .debug_ranges  0x0000000000000748      0x1c0 CMakeFiles/STM32F411-software.elf.dir/Drivers/STM32F4xx_HAL_Driver/Src/stm32f4xx_hal_spi.c.obj
 .debug_ranges  0x0000000000000908      0x3c0 CMakeFiles/STM32F411-software.elf.dir/Drivers/STM32F4xx_HAL_Driver/Src/stm32f4xx_hal_tim.c.obj
 .debug_ranges  0x0000000000000cc8      0x158 CMakeFiles/STM32F411-software.elf.dir/Drivers/STM32F4xx_HAL_Driver/Src/stm32f4xx_hal_tim_ex.c.obj
 .debug_ranges  0x0000000000000e20      0x208 CMakeFiles/STM32F411-software.elf.dir/Drivers/STM32F4xx_HAL_Driver/Src/stm32f4xx_hal_uart.c.obj
 .debug_ranges  0x0000000000001028       0xc8 /usr/lib/gcc/arm-none-eabi/9.2.1/thumb/v7e-m/nofp/libgcc.a(_udivmoddi4.o)
 .debug_ranges  0x00000000000010f0       0x38 /usr/lib/gcc/arm-none-eabi/9.2.1/../../../arm-none-eabi/lib/thumb/v7e-m/nofp/libg.a(lib_a-__call_atexit.o)

.debug_line     0x0000000000000000    0x1815d
 .debug_line    0x0000000000000000      0x9fb CMakeFiles/STM32F411-software.elf.dir/Core/Src/main.c.obj
 .debug_line    0x00000000000009fb      0x6d1 CMakeFiles/STM32F411-software.elf.dir/Core/Src/stm32f4xx_hal_msp.c.obj
 .debug_line    0x00000000000010cc      0x3cd CMakeFiles/STM32F411-software.elf.dir/Core/Src/stm32f4xx_it.c.obj
 .debug_line    0x0000000000001499      0x2f7 CMakeFiles/STM32F411-software.elf.dir/Core/Src/system_stm32f4xx.c.obj
 .debug_line    0x0000000000001790       0xc6 CMakeFiles/STM32F411-software.elf.dir/Core/Startup/startup_stm32f411ceux.s.obj
 .debug_line    0x0000000000001856      0x5df CMakeFiles/STM32F411-software.elf.dir/Drivers/STM32F4xx_HAL_Driver/Src/stm32f4xx_hal.c.obj
 .debug_line    0x0000000000001e35      0x81c CMakeFiles/STM32F411-software.elf.dir/Drivers/STM32F4xx_HAL_Driver/Src/stm32f4xx_hal_cortex.c.obj
 .debug_line    0x0000000000002651      0xecb CMakeFiles/STM32F411-software.elf.dir/Drivers/STM32F4xx_HAL_Driver/Src/stm32f4xx_hal_dma.c.obj
 .debug_line    0x000000000000351c      0x78b CMakeFiles/STM32F411-software.elf.dir/Drivers/STM32F4xx_HAL_Driver/Src/stm32f4xx_hal_gpio.c.obj
 .debug_line    0x0000000000003ca7     0x53f9 CMakeFiles/STM32F411-software.elf.dir/Drivers/STM32F4xx_HAL_Driver/Src/stm32f4xx_hal_i2c.c.obj
 .debug_line    0x00000000000090a0      0xbac CMakeFiles/STM32F411-software.elf.dir/Drivers/STM32F4xx_HAL_Driver/Src/stm32f4xx_hal_rcc.c.obj
 .debug_line    0x0000000000009c4c     0x2575 CMakeFiles/STM32F411-software.elf.dir/Drivers/STM32F4xx_HAL_Driver/Src/stm32f4xx_hal_spi.c.obj
 .debug_line    0x000000000000c1c1     0x4a8b CMakeFiles/STM32F411-software.elf.dir/Drivers/STM32F4xx_HAL_Driver/Src/stm32f4xx_hal_tim.c.obj
 .debug_line    0x0000000000010c4c     0x1d34 CMakeFiles/STM32F411-software.elf.dir/Drivers/STM32F4xx_HAL_Driver/Src/stm32f4xx_hal_tim_ex.c.obj
 .debug_line    0x0000000000012980     0x4678 CMakeFiles/STM32F411-software.elf.dir/Drivers/STM32F4xx_HAL_Driver/Src/stm32f4xx_hal_uart.c.obj
 .debug_line    0x0000000000016ff8       0x60 /usr/lib/gcc/arm-none-eabi/9.2.1/thumb/v7e-m/nofp/libgcc.a(_aeabi_uldivmod.o)
 .debug_line    0x0000000000017058      0x610 /usr/lib/gcc/arm-none-eabi/9.2.1/thumb/v7e-m/nofp/libgcc.a(_udivmoddi4.o)
 .debug_line    0x0000000000017668       0x60 /usr/lib/gcc/arm-none-eabi/9.2.1/thumb/v7e-m/nofp/libgcc.a(_dvmd_tls.o)
 .debug_line    0x00000000000176c8      0x14a /usr/lib/gcc/arm-none-eabi/9.2.1/../../../arm-none-eabi/lib/thumb/v7e-m/nofp/libg.a(lib_a-atexit.o)
 .debug_line    0x0000000000017812       0xd7 /usr/lib/gcc/arm-none-eabi/9.2.1/../../../arm-none-eabi/lib/thumb/v7e-m/nofp/libg.a(lib_a-fini.o)
 .debug_line    0x00000000000178e9       0xe3 /usr/lib/gcc/arm-none-eabi/9.2.1/../../../arm-none-eabi/lib/thumb/v7e-m/nofp/libg.a(lib_a-impure.o)
 .debug_line    0x00000000000179cc      0x10d /usr/lib/gcc/arm-none-eabi/9.2.1/../../../arm-none-eabi/lib/thumb/v7e-m/nofp/libg.a(lib_a-init.o)
 .debug_line    0x0000000000017ad9      0x26b /usr/lib/gcc/arm-none-eabi/9.2.1/../../../arm-none-eabi/lib/thumb/v7e-m/nofp/libg.a(lib_a-memset.o)
 .debug_line    0x0000000000017d44      0x1e1 /usr/lib/gcc/arm-none-eabi/9.2.1/../../../arm-none-eabi/lib/thumb/v7e-m/nofp/libg.a(lib_a-__atexit.o)
 .debug_line    0x0000000000017f25      0x238 /usr/lib/gcc/arm-none-eabi/9.2.1/../../../arm-none-eabi/lib/thumb/v7e-m/nofp/libg.a(lib_a-__call_atexit.o)

.debug_str      0x0000000000000000     0x6c64
 .debug_str     0x0000000000000000     0x1351 CMakeFiles/STM32F411-software.elf.dir/Core/Src/main.c.obj
                                       0x1478 (size before relaxing)
 .debug_str     0x0000000000001351      0x4f4 CMakeFiles/STM32F411-software.elf.dir/Core/Src/stm32f4xx_hal_msp.c.obj
                                       0x143a (size before relaxing)
 .debug_str     0x0000000000001845      0x157 CMakeFiles/STM32F411-software.elf.dir/Core/Src/stm32f4xx_it.c.obj
                                        0xb06 (size before relaxing)
 .debug_str     0x000000000000199c       0x99 CMakeFiles/STM32F411-software.elf.dir/Core/Src/system_stm32f4xx.c.obj
                                        0x444 (size before relaxing)
 .debug_str     0x0000000000001a35       0x72 CMakeFiles/STM32F411-software.elf.dir/Core/Startup/startup_stm32f411ceux.s.obj
                                         0xc5 (size before relaxing)
 .debug_str     0x0000000000001aa7      0x30a CMakeFiles/STM32F411-software.elf.dir/Drivers/STM32F4xx_HAL_Driver/Src/stm32f4xx_hal.c.obj
                                        0xad2 (size before relaxing)
 .debug_str     0x0000000000001db1      0x4bf CMakeFiles/STM32F411-software.elf.dir/Drivers/STM32F4xx_HAL_Driver/Src/stm32f4xx_hal_cortex.c.obj
                                        0xbff (size before relaxing)
 .debug_str     0x0000000000002270      0x344 CMakeFiles/STM32F411-software.elf.dir/Drivers/STM32F4xx_HAL_Driver/Src/stm32f4xx_hal_dma.c.obj
                                        0x8a3 (size before relaxing)
 .debug_str     0x00000000000025b4      0x153 CMakeFiles/STM32F411-software.elf.dir/Drivers/STM32F4xx_HAL_Driver/Src/stm32f4xx_hal_gpio.c.obj
                                        0x624 (size before relaxing)
 .debug_str     0x0000000000002707      0x8e8 CMakeFiles/STM32F411-software.elf.dir/Drivers/STM32F4xx_HAL_Driver/Src/stm32f4xx_hal_i2c.c.obj
                                       0x1157 (size before relaxing)
 .debug_str     0x0000000000002fef      0x1af CMakeFiles/STM32F411-software.elf.dir/Drivers/STM32F4xx_HAL_Driver/Src/stm32f4xx_hal_rcc.c.obj
                                        0x7f7 (size before relaxing)
 .debug_str     0x000000000000319e      0x551 CMakeFiles/STM32F411-software.elf.dir/Drivers/STM32F4xx_HAL_Driver/Src/stm32f4xx_hal_spi.c.obj
                                        0xd1c (size before relaxing)
 .debug_str     0x00000000000036ef      0xdc0 CMakeFiles/STM32F411-software.elf.dir/Drivers/STM32F4xx_HAL_Driver/Src/stm32f4xx_hal_tim.c.obj
                                       0x17fd (size before relaxing)
 .debug_str     0x00000000000044af      0x562 CMakeFiles/STM32F411-software.elf.dir/Drivers/STM32F4xx_HAL_Driver/Src/stm32f4xx_hal_tim_ex.c.obj
                                        0xffe (size before relaxing)
 .debug_str     0x0000000000004a11      0x5e0 CMakeFiles/STM32F411-software.elf.dir/Drivers/STM32F4xx_HAL_Driver/Src/stm32f4xx_hal_uart.c.obj
                                        0xe6f (size before relaxing)
 .debug_str     0x0000000000004ff1       0x94 /usr/lib/gcc/arm-none-eabi/9.2.1/thumb/v7e-m/nofp/libgcc.a(_aeabi_uldivmod.o)
                                         0xa0 (size before relaxing)
 .debug_str     0x0000000000005085     0x10de /usr/lib/gcc/arm-none-eabi/9.2.1/thumb/v7e-m/nofp/libgcc.a(_udivmoddi4.o)
                                       0x11e0 (size before relaxing)
 .debug_str     0x0000000000006163       0x30 /usr/lib/gcc/arm-none-eabi/9.2.1/thumb/v7e-m/nofp/libgcc.a(_dvmd_tls.o)
                                         0xa4 (size before relaxing)
 .debug_str     0x0000000000006193      0x50e /usr/lib/gcc/arm-none-eabi/9.2.1/../../../arm-none-eabi/lib/thumb/v7e-m/nofp/libg.a(lib_a-atexit.o)
                                        0x5e5 (size before relaxing)
 .debug_str     0x00000000000066a1       0xc5 /usr/lib/gcc/arm-none-eabi/9.2.1/../../../arm-none-eabi/lib/thumb/v7e-m/nofp/libg.a(lib_a-fini.o)
                                        0x1f4 (size before relaxing)
 .debug_str     0x0000000000006766       0x98 /usr/lib/gcc/arm-none-eabi/9.2.1/../../../arm-none-eabi/lib/thumb/v7e-m/nofp/libg.a(lib_a-impure.o)
                                        0x59a (size before relaxing)
 .debug_str     0x00000000000067fe       0x96 /usr/lib/gcc/arm-none-eabi/9.2.1/../../../arm-none-eabi/lib/thumb/v7e-m/nofp/libg.a(lib_a-init.o)
                                        0x21e (size before relaxing)
 .debug_str     0x0000000000006894      0x30d /usr/lib/gcc/arm-none-eabi/9.2.1/../../../arm-none-eabi/lib/thumb/v7e-m/nofp/libg.a(lib_a-memset.o)
                                        0x8c7 (size before relaxing)
 .debug_str     0x0000000000006ba1       0x4f /usr/lib/gcc/arm-none-eabi/9.2.1/../../../arm-none-eabi/lib/thumb/v7e-m/nofp/libg.a(lib_a-__atexit.o)
                                        0x603 (size before relaxing)
 .debug_str     0x0000000000006bf0       0x74 /usr/lib/gcc/arm-none-eabi/9.2.1/../../../arm-none-eabi/lib/thumb/v7e-m/nofp/libg.a(lib_a-__call_atexit.o)
                                        0x616 (size before relaxing)

.debug_frame    0x0000000000000000     0x30b0
 .debug_frame   0x0000000000000000      0x178 CMakeFiles/STM32F411-software.elf.dir/Core/Src/main.c.obj
 .debug_frame   0x0000000000000178      0x134 CMakeFiles/STM32F411-software.elf.dir/Core/Src/stm32f4xx_hal_msp.c.obj
 .debug_frame   0x00000000000002ac       0xf0 CMakeFiles/STM32F411-software.elf.dir/Core/Src/stm32f4xx_it.c.obj
 .debug_frame   0x000000000000039c       0x30 CMakeFiles/STM32F411-software.elf.dir/Core/Src/system_stm32f4xx.c.obj
 .debug_frame   0x00000000000003cc      0x1ec CMakeFiles/STM32F411-software.elf.dir/Drivers/STM32F4xx_HAL_Driver/Src/stm32f4xx_hal.c.obj
 .debug_frame   0x00000000000005b8      0x15c CMakeFiles/STM32F411-software.elf.dir/Drivers/STM32F4xx_HAL_Driver/Src/stm32f4xx_hal_cortex.c.obj
 .debug_frame   0x0000000000000714      0x188 CMakeFiles/STM32F411-software.elf.dir/Drivers/STM32F4xx_HAL_Driver/Src/stm32f4xx_hal_dma.c.obj
 .debug_frame   0x000000000000089c       0xd8 CMakeFiles/STM32F411-software.elf.dir/Drivers/STM32F4xx_HAL_Driver/Src/stm32f4xx_hal_gpio.c.obj
 .debug_frame   0x0000000000000974      0x970 CMakeFiles/STM32F411-software.elf.dir/Drivers/STM32F4xx_HAL_Driver/Src/stm32f4xx_hal_i2c.c.obj
 .debug_frame   0x00000000000012e4      0x174 CMakeFiles/STM32F411-software.elf.dir/Drivers/STM32F4xx_HAL_Driver/Src/stm32f4xx_hal_rcc.c.obj
 .debug_frame   0x0000000000001458      0x5a0 CMakeFiles/STM32F411-software.elf.dir/Drivers/STM32F4xx_HAL_Driver/Src/stm32f4xx_hal_spi.c.obj
 .debug_frame   0x00000000000019f8      0xb2c CMakeFiles/STM32F411-software.elf.dir/Drivers/STM32F4xx_HAL_Driver/Src/stm32f4xx_hal_tim.c.obj
 .debug_frame   0x0000000000002524      0x420 CMakeFiles/STM32F411-software.elf.dir/Drivers/STM32F4xx_HAL_Driver/Src/stm32f4xx_hal_tim_ex.c.obj
 .debug_frame   0x0000000000002944      0x5cc CMakeFiles/STM32F411-software.elf.dir/Drivers/STM32F4xx_HAL_Driver/Src/stm32f4xx_hal_uart.c.obj
 .debug_frame   0x0000000000002f10       0x2c /usr/lib/gcc/arm-none-eabi/9.2.1/thumb/v7e-m/nofp/libgcc.a(_aeabi_uldivmod.o)
 .debug_frame   0x0000000000002f3c       0x34 /usr/lib/gcc/arm-none-eabi/9.2.1/thumb/v7e-m/nofp/libgcc.a(_udivmoddi4.o)
 .debug_frame   0x0000000000002f70       0x20 /usr/lib/gcc/arm-none-eabi/9.2.1/../../../arm-none-eabi/lib/thumb/v7e-m/nofp/libg.a(lib_a-atexit.o)
 .debug_frame   0x0000000000002f90       0x34 /usr/lib/gcc/arm-none-eabi/9.2.1/../../../arm-none-eabi/lib/thumb/v7e-m/nofp/libg.a(lib_a-fini.o)
 .debug_frame   0x0000000000002fc4       0x2c /usr/lib/gcc/arm-none-eabi/9.2.1/../../../arm-none-eabi/lib/thumb/v7e-m/nofp/libg.a(lib_a-init.o)
 .debug_frame   0x0000000000002ff0       0x38 /usr/lib/gcc/arm-none-eabi/9.2.1/../../../arm-none-eabi/lib/thumb/v7e-m/nofp/libg.a(lib_a-memset.o)
 .debug_frame   0x0000000000003028       0x38 /usr/lib/gcc/arm-none-eabi/9.2.1/../../../arm-none-eabi/lib/thumb/v7e-m/nofp/libg.a(lib_a-__atexit.o)
 .debug_frame   0x0000000000003060       0x50 /usr/lib/gcc/arm-none-eabi/9.2.1/../../../arm-none-eabi/lib/thumb/v7e-m/nofp/libg.a(lib_a-__call_atexit.o)
