Archive member included to satisfy reference by file (symbol)

c:/st/stm32cubeide_1.6.0/stm32cubeide/plugins/com.st.stm32cube.ide.mcu.externaltools.gnu-tools-for-stm32.9-2020-q2-update.win32_1.5.0.202011040924/tools/bin/../lib/gcc/arm-none-eabi/9.3.1/../../../../arm-none-eabi/lib/thumb/v7e-m+fp/hard\libc_nano.a(lib_a-errno.o)
                              Core/Src/syscalls.o (__errno)
c:/st/stm32cubeide_1.6.0/stm32cubeide/plugins/com.st.stm32cube.ide.mcu.externaltools.gnu-tools-for-stm32.9-2020-q2-update.win32_1.5.0.202011040924/tools/bin/../lib/gcc/arm-none-eabi/9.3.1/../../../../arm-none-eabi/lib/thumb/v7e-m+fp/hard\libc_nano.a(lib_a-exit.o)
                              c:/st/stm32cubeide_1.6.0/stm32cubeide/plugins/com.st.stm32cube.ide.mcu.externaltools.gnu-tools-for-stm32.9-2020-q2-update.win32_1.5.0.202011040924/tools/bin/../lib/gcc/arm-none-eabi/9.3.1/../../../../arm-none-eabi/lib/thumb/v7e-m+fp/hard/crt0.o (exit)
c:/st/stm32cubeide_1.6.0/stm32cubeide/plugins/com.st.stm32cube.ide.mcu.externaltools.gnu-tools-for-stm32.9-2020-q2-update.win32_1.5.0.202011040924/tools/bin/../lib/gcc/arm-none-eabi/9.3.1/../../../../arm-none-eabi/lib/thumb/v7e-m+fp/hard\libc_nano.a(lib_a-impure.o)
                              c:/st/stm32cubeide_1.6.0/stm32cubeide/plugins/com.st.stm32cube.ide.mcu.externaltools.gnu-tools-for-stm32.9-2020-q2-update.win32_1.5.0.202011040924/tools/bin/../lib/gcc/arm-none-eabi/9.3.1/../../../../arm-none-eabi/lib/thumb/v7e-m+fp/hard\libc_nano.a(lib_a-exit.o) (_global_impure_ptr)
c:/st/stm32cubeide_1.6.0/stm32cubeide/plugins/com.st.stm32cube.ide.mcu.externaltools.gnu-tools-for-stm32.9-2020-q2-update.win32_1.5.0.202011040924/tools/bin/../lib/gcc/arm-none-eabi/9.3.1/../../../../arm-none-eabi/lib/thumb/v7e-m+fp/hard\libc_nano.a(lib_a-init.o)
                              c:/st/stm32cubeide_1.6.0/stm32cubeide/plugins/com.st.stm32cube.ide.mcu.externaltools.gnu-tools-for-stm32.9-2020-q2-update.win32_1.5.0.202011040924/tools/bin/../lib/gcc/arm-none-eabi/9.3.1/../../../../arm-none-eabi/lib/thumb/v7e-m+fp/hard/crt0.o (__libc_init_array)
c:/st/stm32cubeide_1.6.0/stm32cubeide/plugins/com.st.stm32cube.ide.mcu.externaltools.gnu-tools-for-stm32.9-2020-q2-update.win32_1.5.0.202011040924/tools/bin/../lib/gcc/arm-none-eabi/9.3.1/../../../../arm-none-eabi/lib/thumb/v7e-m+fp/hard\libc_nano.a(lib_a-memset.o)
                              c:/st/stm32cubeide_1.6.0/stm32cubeide/plugins/com.st.stm32cube.ide.mcu.externaltools.gnu-tools-for-stm32.9-2020-q2-update.win32_1.5.0.202011040924/tools/bin/../lib/gcc/arm-none-eabi/9.3.1/../../../../arm-none-eabi/lib/thumb/v7e-m+fp/hard/crt0.o (memset)

Allocating common symbols
Common symbol       size              file

uwTick              0x4               Drivers/STM32G4xx_HAL_Driver/Src/stm32g4xx_hal.o

Discarded input sections

 .text          0x0000000000000000        0x0 c:/st/stm32cubeide_1.6.0/stm32cubeide/plugins/com.st.stm32cube.ide.mcu.externaltools.gnu-tools-for-stm32.9-2020-q2-update.win32_1.5.0.202011040924/tools/bin/../lib/gcc/arm-none-eabi/9.3.1/thumb/v7e-m+fp/hard/crti.o
 .data          0x0000000000000000        0x0 c:/st/stm32cubeide_1.6.0/stm32cubeide/plugins/com.st.stm32cube.ide.mcu.externaltools.gnu-tools-for-stm32.9-2020-q2-update.win32_1.5.0.202011040924/tools/bin/../lib/gcc/arm-none-eabi/9.3.1/thumb/v7e-m+fp/hard/crti.o
 .bss           0x0000000000000000        0x0 c:/st/stm32cubeide_1.6.0/stm32cubeide/plugins/com.st.stm32cube.ide.mcu.externaltools.gnu-tools-for-stm32.9-2020-q2-update.win32_1.5.0.202011040924/tools/bin/../lib/gcc/arm-none-eabi/9.3.1/thumb/v7e-m+fp/hard/crti.o
 .data          0x0000000000000000        0x4 c:/st/stm32cubeide_1.6.0/stm32cubeide/plugins/com.st.stm32cube.ide.mcu.externaltools.gnu-tools-for-stm32.9-2020-q2-update.win32_1.5.0.202011040924/tools/bin/../lib/gcc/arm-none-eabi/9.3.1/thumb/v7e-m+fp/hard/crtbegin.o
 .text          0x0000000000000000       0x7c c:/st/stm32cubeide_1.6.0/stm32cubeide/plugins/com.st.stm32cube.ide.mcu.externaltools.gnu-tools-for-stm32.9-2020-q2-update.win32_1.5.0.202011040924/tools/bin/../lib/gcc/arm-none-eabi/9.3.1/../../../../arm-none-eabi/lib/thumb/v7e-m+fp/hard/crt0.o
 .data          0x0000000000000000        0x0 c:/st/stm32cubeide_1.6.0/stm32cubeide/plugins/com.st.stm32cube.ide.mcu.externaltools.gnu-tools-for-stm32.9-2020-q2-update.win32_1.5.0.202011040924/tools/bin/../lib/gcc/arm-none-eabi/9.3.1/../../../../arm-none-eabi/lib/thumb/v7e-m+fp/hard/crt0.o
 .bss           0x0000000000000000        0x0 c:/st/stm32cubeide_1.6.0/stm32cubeide/plugins/com.st.stm32cube.ide.mcu.externaltools.gnu-tools-for-stm32.9-2020-q2-update.win32_1.5.0.202011040924/tools/bin/../lib/gcc/arm-none-eabi/9.3.1/../../../../arm-none-eabi/lib/thumb/v7e-m+fp/hard/crt0.o
[...]
Memory Configuration

Name             Origin             Length             Attributes
RAM              0x0000000020000000 0x0000000000008000 xrw
FLASH            0x0000000008000000 0x0000000000008000 xr
*default*        0x0000000000000000 0xffffffffffffffff

Linker script and memory map

LOAD c:/st/stm32cubeide_1.6.0/stm32cubeide/plugins/com.st.stm32cube.ide.mcu.externaltools.gnu-tools-for-stm32.9-2020-q2-update.win32_1.5.0.202011040924/tools/bin/../lib/gcc/arm-none-eabi/9.3.1/thumb/v7e-m+fp/hard/crti.o
LOAD c:/st/stm32cubeide_1.6.0/stm32cubeide/plugins/com.st.stm32cube.ide.mcu.externaltools.gnu-tools-for-stm32.9-2020-q2-update.win32_1.5.0.202011040924/tools/bin/../lib/gcc/arm-none-eabi/9.3.1/thumb/v7e-m+fp/hard/crtbegin.o
LOAD c:/st/stm32cubeide_1.6.0/stm32cubeide/plugins/com.st.stm32cube.ide.mcu.externaltools.gnu-tools-for-stm32.9-2020-q2-update.win32_1.5.0.202011040924/tools/bin/../lib/gcc/arm-none-eabi/9.3.1/../../../../arm-none-eabi/lib/thumb/v7e-m+fp/hard/crt0.o
LOAD Core/Src/main.o
LOAD Core/Src/stm32g4xx_hal_msp.o
LOAD Core/Src/stm32g4xx_it.o
LOAD Core/Src/syscalls.o
LOAD Core/Src/sysmem.o
LOAD Core/Src/system_stm32g4xx.o
LOAD Core/Startup/startup_stm32g431c6tx.o
LOAD Drivers/STM32G4xx_HAL_Driver/Src/stm32g4xx_hal.o
LOAD Drivers/STM32G4xx_HAL_Driver/Src/stm32g4xx_hal_cortex.o
LOAD Drivers/STM32G4xx_HAL_Driver/Src/stm32g4xx_hal_dma.o
LOAD Drivers/STM32G4xx_HAL_Driver/Src/stm32g4xx_hal_dma_ex.o
LOAD Drivers/STM32G4xx_HAL_Driver/Src/stm32g4xx_hal_exti.o
LOAD Drivers/STM32G4xx_HAL_Driver/Src/stm32g4xx_hal_flash.o
LOAD Drivers/STM32G4xx_HAL_Driver/Src/stm32g4xx_hal_flash_ex.o
LOAD Drivers/STM32G4xx_HAL_Driver/Src/stm32g4xx_hal_flash_ramfunc.o
LOAD Drivers/STM32G4xx_HAL_Driver/Src/stm32g4xx_hal_gpio.o
LOAD Drivers/STM32G4xx_HAL_Driver/Src/stm32g4xx_hal_pwr.o
LOAD Drivers/STM32G4xx_HAL_Driver/Src/stm32g4xx_hal_pwr_ex.o
LOAD Drivers/STM32G4xx_HAL_Driver/Src/stm32g4xx_hal_rcc.o
LOAD Drivers/STM32G4xx_HAL_Driver/Src/stm32g4xx_hal_rcc_ex.o
LOAD Drivers/STM32G4xx_HAL_Driver/Src/stm32g4xx_hal_tim.o
LOAD Drivers/STM32G4xx_HAL_Driver/Src/stm32g4xx_hal_tim_ex.o
START GROUP
LOAD c:/st/stm32cubeide_1.6.0/stm32cubeide/plugins/com.st.stm32cube.ide.mcu.externaltools.gnu-tools-for-stm32.9-2020-q2-update.win32_1.5.0.202011040924/tools/bin/../lib/gcc/arm-none-eabi/9.3.1/../../../../arm-none-eabi/lib/thumb/v7e-m+fp/hard\libc_nano.a
LOAD c:/st/stm32cubeide_1.6.0/stm32cubeide/plugins/com.st.stm32cube.ide.mcu.externaltools.gnu-tools-for-stm32.9-2020-q2-update.win32_1.5.0.202011040924/tools/bin/../lib/gcc/arm-none-eabi/9.3.1/../../../../arm-none-eabi/lib/thumb/v7e-m+fp/hard\libm.a
END GROUP
START GROUP
LOAD c:/st/stm32cubeide_1.6.0/stm32cubeide/plugins/com.st.stm32cube.ide.mcu.externaltools.gnu-tools-for-stm32.9-2020-q2-update.win32_1.5.0.202011040924/tools/bin/../lib/gcc/arm-none-eabi/9.3.1/thumb/v7e-m+fp/hard\libgcc.a
LOAD c:/st/stm32cubeide_1.6.0/stm32cubeide/plugins/com.st.stm32cube.ide.mcu.externaltools.gnu-tools-for-stm32.9-2020-q2-update.win32_1.5.0.202011040924/tools/bin/../lib/gcc/arm-none-eabi/9.3.1/../../../../arm-none-eabi/lib/thumb/v7e-m+fp/hard\libc_nano.a
END GROUP
START GROUP
LOAD c:/st/stm32cubeide_1.6.0/stm32cubeide/plugins/com.st.stm32cube.ide.mcu.externaltools.gnu-tools-for-stm32.9-2020-q2-update.win32_1.5.0.202011040924/tools/bin/../lib/gcc/arm-none-eabi/9.3.1/thumb/v7e-m+fp/hard\libgcc.a
LOAD c:/st/stm32cubeide_1.6.0/stm32cubeide/plugins/com.st.stm32cube.ide.mcu.externaltools.gnu-tools-for-stm32.9-2020-q2-update.win32_1.5.0.202011040924/tools/bin/../lib/gcc/arm-none-eabi/9.3.1/../../../../arm-none-eabi/lib/thumb/v7e-m+fp/hard\libc_nano.a
LOAD c:/st/stm32cubeide_1.6.0/stm32cubeide/plugins/com.st.stm32cube.ide.mcu.externaltools.gnu-tools-for-stm32.9-2020-q2-update.win32_1.5.0.202011040924/tools/bin/../lib/gcc/arm-none-eabi/9.3.1/../../../../arm-none-eabi/lib/thumb/v7e-m+fp/hard\libnosys.a
END GROUP
START GROUP
LOAD c:/st/stm32cubeide_1.6.0/stm32cubeide/plugins/com.st.stm32cube.ide.mcu.externaltools.gnu-tools-for-stm32.9-2020-q2-update.win32_1.5.0.202011040924/tools/bin/../lib/gcc/arm-none-eabi/9.3.1/thumb/v7e-m+fp/hard\libgcc.a
LOAD c:/st/stm32cubeide_1.6.0/stm32cubeide/plugins/com.st.stm32cube.ide.mcu.externaltools.gnu-tools-for-stm32.9-2020-q2-update.win32_1.5.0.202011040924/tools/bin/../lib/gcc/arm-none-eabi/9.3.1/../../../../arm-none-eabi/lib/thumb/v7e-m+fp/hard\libc_nano.a
LOAD c:/st/stm32cubeide_1.6.0/stm32cubeide/plugins/com.st.stm32cube.ide.mcu.externaltools.gnu-tools-for-stm32.9-2020-q2-update.win32_1.5.0.202011040924/tools/bin/../lib/gcc/arm-none-eabi/9.3.1/../../../../arm-none-eabi/lib/thumb/v7e-m+fp/hard\libnosys.a
END GROUP
LOAD c:/st/stm32cubeide_1.6.0/stm32cubeide/plugins/com.st.stm32cube.ide.mcu.externaltools.gnu-tools-for-stm32.9-2020-q2-update.win32_1.5.0.202011040924/tools/bin/../lib/gcc/arm-none-eabi/9.3.1/thumb/v7e-m+fp/hard/crtend.o
LOAD c:/st/stm32cubeide_1.6.0/stm32cubeide/plugins/com.st.stm32cube.ide.mcu.externaltools.gnu-tools-for-stm32.9-2020-q2-update.win32_1.5.0.202011040924/tools/bin/../lib/gcc/arm-none-eabi/9.3.1/thumb/v7e-m+fp/hard/crtn.o
                0x0000000020008000                _estack = (ORIGIN (RAM) + LENGTH (RAM))
                0x0000000000000200                _Min_Heap_Size = 0x200
                0x0000000000000400                _Min_Stack_Size = 0x400

.isr_vector     0x0000000008000000      0x1d8
                0x0000000008000000                . = ALIGN (0x4)
 *(.isr_vector)
 .isr_vector    0x0000000008000000      0x1d8 Core/Startup/startup_stm32g431c6tx.o
                0x0000000008000000                g_pfnVectors
                0x00000000080001d8                . = ALIGN (0x4)

.text           0x00000000080001d8     0x14dc
                0x00000000080001d8                . = ALIGN (0x4)
 *(.text)
 .text          0x00000000080001d8       0x40 c:/st/stm32cubeide_1.6.0/stm32cubeide/plugins/com.st.stm32cube.ide.mcu.externaltools.gnu-tools-for-stm32.9-2020-q2-update.win32_1.5.0.202011040924/tools/bin/../lib/gcc/arm-none-eabi/9.3.1/thumb/v7e-m+fp/hard/crtbegin.o
 *(.text*)
 .text.main     0x0000000008000218       0x28 Core/Src/main.o
                0x0000000008000218                main
 .text.SystemClock_Config
                0x0000000008000240       0x98 Core/Src/main.o
                0x0000000008000240                SystemClock_Config
 .text.MX_GPIO_Init
                0x00000000080002d8       0x98 Core/Src/main.o
 .text.Error_Handler
                0x0000000008000370        0xa Core/Src/main.o
                0x0000000008000370                Error_Handler
 *fill*         0x000000000800037a        0x2 
 .text.HAL_MspInit
                0x000000000800037c       0x48 Core/Src/stm32g4xx_hal_msp.o
                0x000000000800037c                HAL_MspInit
 .text.NMI_Handler
                0x00000000080003c4        0x6 Core/Src/stm32g4xx_it.o
                0x00000000080003c4                NMI_Handler
 .text.HardFault_Handler
                0x00000000080003ca        0x6 Core/Src/stm32g4xx_it.o
                0x00000000080003ca                HardFault_Handler
 .text.MemManage_Handler
                0x00000000080003d0        0x6 Core/Src/stm32g4xx_it.o
                0x00000000080003d0                MemManage_Handler
 .text.BusFault_Handler
                0x00000000080003d6        0x6 Core/Src/stm32g4xx_it.o
                0x00000000080003d6                BusFault_Handler
 .text.UsageFault_Handler
                0x00000000080003dc        0x6 Core/Src/stm32g4xx_it.o
                0x00000000080003dc                UsageFault_Handler
 .text.SVC_Handler
                0x00000000080003e2        0xe Core/Src/stm32g4xx_it.o
                0x00000000080003e2                SVC_Handler
 .text.DebugMon_Handler
                0x00000000080003f0        0xe Core/Src/stm32g4xx_it.o
                0x00000000080003f0                DebugMon_Handler
 .text.PendSV_Handler
                0x00000000080003fe        0xe Core/Src/stm32g4xx_it.o
                0x00000000080003fe                PendSV_Handler
 .text.SysTick_Handler
                0x000000000800040c        0xc Core/Src/stm32g4xx_it.o
                0x000000000800040c                SysTick_Handler
 .text.SystemInit
                0x0000000008000418       0x2c Core/Src/system_stm32g4xx.o
                0x0000000008000418                SystemInit
 .text.Reset_Handler
                0x0000000008000444       0x50 Core/Startup/startup_stm32g431c6tx.o
                0x0000000008000444                Reset_Handler
 .text.Default_Handler
                0x0000000008000494        0x2 Core/Startup/startup_stm32g431c6tx.o
                0x0000000008000494                RTC_Alarm_IRQHandler
                0x0000000008000494                EXTI2_IRQHandler
                0x0000000008000494                TIM8_TRG_COM_IRQHandler
                0x0000000008000494                TIM8_CC_IRQHandler
                0x0000000008000494                TIM1_CC_IRQHandler
                0x0000000008000494                USB_HP_IRQHandler
                0x0000000008000494                CORDIC_IRQHandler
                0x0000000008000494                EXTI3_IRQHandler
                0x0000000008000494                I2C3_ER_IRQHandler
                0x0000000008000494                EXTI0_IRQHandler
                0x0000000008000494                I2C2_EV_IRQHandler
                0x0000000008000494                FPU_IRQHandler
                0x0000000008000494                FDCAN1_IT1_IRQHandler
                0x0000000008000494                TIM1_UP_TIM16_IRQHandler
                0x0000000008000494                ADC1_2_IRQHandler
                0x0000000008000494                SPI1_IRQHandler
                0x0000000008000494                TIM6_DAC_IRQHandler
                0x0000000008000494                TIM8_UP_IRQHandler
                0x0000000008000494                DMA2_Channel2_IRQHandler
                0x0000000008000494                DMA1_Channel4_IRQHandler
                0x0000000008000494                USART3_IRQHandler
                0x0000000008000494                TIM4_IRQHandler
                0x0000000008000494                DMA2_Channel1_IRQHandler
                0x0000000008000494                I2C1_EV_IRQHandler
                0x0000000008000494                DMA1_Channel6_IRQHandler
                0x0000000008000494                UART4_IRQHandler
                0x0000000008000494                DMA2_Channel4_IRQHandler
                0x0000000008000494                TIM3_IRQHandler
                0x0000000008000494                RCC_IRQHandler
                0x0000000008000494                DMA1_Channel1_IRQHandler
                0x0000000008000494                Default_Handler
                0x0000000008000494                RTC_TAMP_LSECSS_IRQHandler
                0x0000000008000494                FMAC_IRQHandler
                0x0000000008000494                EXTI15_10_IRQHandler
                0x0000000008000494                TIM7_IRQHandler
                0x0000000008000494                UCPD1_IRQHandler
                0x0000000008000494                I2C3_EV_IRQHandler
                0x0000000008000494                EXTI9_5_IRQHandler
                0x0000000008000494                RTC_WKUP_IRQHandler
                0x0000000008000494                PVD_PVM_IRQHandler
                0x0000000008000494                SPI2_IRQHandler
                0x0000000008000494                DMA2_Channel5_IRQHandler
                0x0000000008000494                CRS_IRQHandler
                0x0000000008000494                DMA1_Channel5_IRQHandler
                0x0000000008000494                USB_LP_IRQHandler
                0x0000000008000494                EXTI4_IRQHandler
                0x0000000008000494                RNG_IRQHandler
                0x0000000008000494                TIM1_TRG_COM_TIM17_IRQHandler
                0x0000000008000494                DMA1_Channel3_IRQHandler
                0x0000000008000494                WWDG_IRQHandler
                0x0000000008000494                LPUART1_IRQHandler
                0x0000000008000494                DMA2_Channel6_IRQHandler
                0x0000000008000494                FDCAN1_IT0_IRQHandler
                0x0000000008000494                TIM2_IRQHandler
                0x0000000008000494                COMP1_2_3_IRQHandler
                0x0000000008000494                EXTI1_IRQHandler
                0x0000000008000494                USART2_IRQHandler
                0x0000000008000494                I2C2_ER_IRQHandler
                0x0000000008000494                DMA1_Channel2_IRQHandler
                0x0000000008000494                TIM8_BRK_IRQHandler
                0x0000000008000494                FLASH_IRQHandler
                0x0000000008000494                USART1_IRQHandler
                0x0000000008000494                SPI3_IRQHandler
                0x0000000008000494                I2C1_ER_IRQHandler
                0x0000000008000494                LPTIM1_IRQHandler
                0x0000000008000494                DMAMUX_OVR_IRQHandler
                0x0000000008000494                USBWakeUp_IRQHandler
                0x0000000008000494                SAI1_IRQHandler
                0x0000000008000494                DMA2_Channel3_IRQHandler
                0x0000000008000494                COMP4_IRQHandler
                0x0000000008000494                TIM1_BRK_TIM15_IRQHandler
 .text.HAL_Init
                0x0000000008000496       0x30 Drivers/STM32G4xx_HAL_Driver/Src/stm32g4xx_hal.o
                0x0000000008000496                HAL_Init
 *fill*         0x00000000080004c6        0x2 
 .text.HAL_InitTick
                0x00000000080004c8       0x74 Drivers/STM32G4xx_HAL_Driver/Src/stm32g4xx_hal.o
                0x00000000080004c8                HAL_InitTick
 .text.HAL_IncTick
                0x000000000800053c       0x24 Drivers/STM32G4xx_HAL_Driver/Src/stm32g4xx_hal.o
                0x000000000800053c                HAL_IncTick
 .text.HAL_GetTick
                0x0000000008000560       0x18 Drivers/STM32G4xx_HAL_Driver/Src/stm32g4xx_hal.o
                0x0000000008000560                HAL_GetTick
 .text.HAL_Delay
                0x0000000008000578       0x44 Drivers/STM32G4xx_HAL_Driver/Src/stm32g4xx_hal.o
                0x0000000008000578                HAL_Delay
 .text.__NVIC_SetPriorityGrouping
                0x00000000080005bc       0x48 Drivers/STM32G4xx_HAL_Driver/Src/stm32g4xx_hal_cortex.o
 .text.__NVIC_GetPriorityGrouping
                0x0000000008000604       0x1c Drivers/STM32G4xx_HAL_Driver/Src/stm32g4xx_hal_cortex.o
 .text.__NVIC_SetPriority
                0x0000000008000620       0x54 Drivers/STM32G4xx_HAL_Driver/Src/stm32g4xx_hal_cortex.o
 .text.NVIC_EncodePriority
                0x0000000008000674       0x66 Drivers/STM32G4xx_HAL_Driver/Src/stm32g4xx_hal_cortex.o
 *fill*         0x00000000080006da        0x2 
 .text.SysTick_Config
                0x00000000080006dc       0x44 Drivers/STM32G4xx_HAL_Driver/Src/stm32g4xx_hal_cortex.o
 .text.HAL_NVIC_SetPriorityGrouping
                0x0000000008000720       0x16 Drivers/STM32G4xx_HAL_Driver/Src/stm32g4xx_hal_cortex.o
                0x0000000008000720                HAL_NVIC_SetPriorityGrouping
 .text.HAL_NVIC_SetPriority
                0x0000000008000736       0x34 Drivers/STM32G4xx_HAL_Driver/Src/stm32g4xx_hal_cortex.o
                0x0000000008000736                HAL_NVIC_SetPriority
 .text.HAL_SYSTICK_Config
                0x000000000800076a       0x18 Drivers/STM32G4xx_HAL_Driver/Src/stm32g4xx_hal_cortex.o
                0x000000000800076a                HAL_SYSTICK_Config
 *fill*         0x0000000008000782        0x2 
 .text.HAL_GPIO_Init
                0x0000000008000784      0x304 Drivers/STM32G4xx_HAL_Driver/Src/stm32g4xx_hal_gpio.o
                0x0000000008000784                HAL_GPIO_Init
 .text.HAL_GPIO_WritePin
                0x0000000008000a88       0x30 Drivers/STM32G4xx_HAL_Driver/Src/stm32g4xx_hal_gpio.o
                0x0000000008000a88                HAL_GPIO_WritePin
 .text.HAL_GPIO_TogglePin
                0x0000000008000ab8       0x34 Drivers/STM32G4xx_HAL_Driver/Src/stm32g4xx_hal_gpio.o
                0x0000000008000ab8                HAL_GPIO_TogglePin
 .text.HAL_PWREx_ControlVoltageScaling
                0x0000000008000aec      0x148 Drivers/STM32G4xx_HAL_Driver/Src/stm32g4xx_hal_pwr_ex.o
                0x0000000008000aec                HAL_PWREx_ControlVoltageScaling
 .text.HAL_PWREx_DisableUCPDDeadBattery
                0x0000000008000c34       0x20 Drivers/STM32G4xx_HAL_Driver/Src/stm32g4xx_hal_pwr_ex.o
                0x0000000008000c34                HAL_PWREx_DisableUCPDDeadBattery
 .text.HAL_RCC_OscConfig
                0x0000000008000c54      0x630 Drivers/STM32G4xx_HAL_Driver/Src/stm32g4xx_hal_rcc.o
                0x0000000008000c54                HAL_RCC_OscConfig
 .text.HAL_RCC_ClockConfig
                0x0000000008001284      0x278 Drivers/STM32G4xx_HAL_Driver/Src/stm32g4xx_hal_rcc.o
                0x0000000008001284                HAL_RCC_ClockConfig
 .text.HAL_RCC_GetSysClockFreq
                0x00000000080014fc       0xc0 Drivers/STM32G4xx_HAL_Driver/Src/stm32g4xx_hal_rcc.o
                0x00000000080014fc                HAL_RCC_GetSysClockFreq
 .text.RCC_GetSysClockFreqFromPLLSource
                0x00000000080015bc       0x88 Drivers/STM32G4xx_HAL_Driver/Src/stm32g4xx_hal_rcc.o
 .text.__libc_init_array
                0x0000000008001644       0x48 c:/st/stm32cubeide_1.6.0/stm32cubeide/plugins/com.st.stm32cube.ide.mcu.externaltools.gnu-tools-for-stm32.9-2020-q2-update.win32_1.5.0.202011040924/tools/bin/../lib/gcc/arm-none-eabi/9.3.1/../../../../arm-none-eabi/lib/thumb/v7e-m+fp/hard\libc_nano.a(lib_a-init.o)
                0x0000000008001644                __libc_init_array
 .text.memset   0x000000000800168c       0x10 c:/st/stm32cubeide_1.6.0/stm32cubeide/plugins/com.st.stm32cube.ide.mcu.externaltools.gnu-tools-for-stm32.9-2020-q2-update.win32_1.5.0.202011040924/tools/bin/../lib/gcc/arm-none-eabi/9.3.1/../../../../arm-none-eabi/lib/thumb/v7e-m+fp/hard\libc_nano.a(lib_a-memset.o)
                0x000000000800168c                memset
 *(.glue_7)
 .glue_7        0x000000000800169c        0x0 linker stubs
 *(.glue_7t)
 .glue_7t       0x000000000800169c        0x0 linker stubs
 *(.eh_frame)
 .eh_frame      0x000000000800169c        0x0 c:/st/stm32cubeide_1.6.0/stm32cubeide/plugins/com.st.stm32cube.ide.mcu.externaltools.gnu-tools-for-stm32.9-2020-q2-update.win32_1.5.0.202011040924/tools/bin/../lib/gcc/arm-none-eabi/9.3.1/thumb/v7e-m+fp/hard/crtbegin.o
 *(.init)
 .init          0x000000000800169c        0x4 c:/st/stm32cubeide_1.6.0/stm32cubeide/plugins/com.st.stm32cube.ide.mcu.externaltools.gnu-tools-for-stm32.9-2020-q2-update.win32_1.5.0.202011040924/tools/bin/../lib/gcc/arm-none-eabi/9.3.1/thumb/v7e-m+fp/hard/crti.o
                0x000000000800169c                _init
 .init          0x00000000080016a0        0x8 c:/st/stm32cubeide_1.6.0/stm32cubeide/plugins/com.st.stm32cube.ide.mcu.externaltools.gnu-tools-for-stm32.9-2020-q2-update.win32_1.5.0.202011040924/tools/bin/../lib/gcc/arm-none-eabi/9.3.1/thumb/v7e-m+fp/hard/crtn.o
 *(.fini)
 .fini          0x00000000080016a8        0x4 c:/st/stm32cubeide_1.6.0/stm32cubeide/plugins/com.st.stm32cube.ide.mcu.externaltools.gnu-tools-for-stm32.9-2020-q2-update.win32_1.5.0.202011040924/tools/bin/../lib/gcc/arm-none-eabi/9.3.1/thumb/v7e-m+fp/hard/crti.o
                0x00000000080016a8                _fini
 .fini          0x00000000080016ac        0x8 c:/st/stm32cubeide_1.6.0/stm32cubeide/plugins/com.st.stm32cube.ide.mcu.externaltools.gnu-tools-for-stm32.9-2020-q2-update.win32_1.5.0.202011040924/tools/bin/../lib/gcc/arm-none-eabi/9.3.1/thumb/v7e-m+fp/hard/crtn.o
                0x00000000080016b4                . = ALIGN (0x4)
                0x00000000080016b4                _etext = .

.vfp11_veneer   0x00000000080016b4        0x0
 .vfp11_veneer  0x00000000080016b4        0x0 linker stubs

.v4_bx          0x00000000080016b4        0x0
 .v4_bx         0x00000000080016b4        0x0 linker stubs

.iplt           0x00000000080016b4        0x0
 .iplt          0x00000000080016b4        0x0 c:/st/stm32cubeide_1.6.0/stm32cubeide/plugins/com.st.stm32cube.ide.mcu.externaltools.gnu-tools-for-stm32.9-2020-q2-update.win32_1.5.0.202011040924/tools/bin/../lib/gcc/arm-none-eabi/9.3.1/thumb/v7e-m+fp/hard/crtbegin.o

.rodata         0x00000000080016b4       0x10
                0x00000000080016b4                . = ALIGN (0x4)
 *(.rodata)
 *(.rodata*)
 .rodata.AHBPrescTable
                0x00000000080016b4       0x10 Core/Src/system_stm32g4xx.o
                0x00000000080016b4                AHBPrescTable
                0x00000000080016c4                . = ALIGN (0x4)

.rel.dyn        0x00000000080016c4        0x0
 .rel.iplt      0x00000000080016c4        0x0 c:/st/stm32cubeide_1.6.0/stm32cubeide/plugins/com.st.stm32cube.ide.mcu.externaltools.gnu-tools-for-stm32.9-2020-q2-update.win32_1.5.0.202011040924/tools/bin/../lib/gcc/arm-none-eabi/9.3.1/thumb/v7e-m+fp/hard/crtbegin.o

.ARM.extab      0x00000000080016c4        0x0
                0x00000000080016c4                . = ALIGN (0x4)
 *(.ARM.extab* .gnu.linkonce.armextab.*)
                0x00000000080016c4                . = ALIGN (0x4)

.ARM            0x00000000080016c4        0x0
                0x00000000080016c4                . = ALIGN (0x4)
                0x00000000080016c4                __exidx_start = .
 *(.ARM.exidx*)
                0x00000000080016c4                __exidx_end = .
                0x00000000080016c4                . = ALIGN (0x4)

.preinit_array  0x00000000080016c4        0x0
                0x00000000080016c4                . = ALIGN (0x4)
                0x00000000080016c4                PROVIDE (__preinit_array_start = .)
 *(.preinit_array*)
                0x00000000080016c4                PROVIDE (__preinit_array_end = .)
                0x00000000080016c4                . = ALIGN (0x4)

.init_array     0x00000000080016c4        0x4
                0x00000000080016c4                . = ALIGN (0x4)
                0x00000000080016c4                PROVIDE (__init_array_start = .)
 *(SORT_BY_NAME(.init_array.*))
 *(.init_array*)
 .init_array    0x00000000080016c4        0x4 c:/st/stm32cubeide_1.6.0/stm32cubeide/plugins/com.st.stm32cube.ide.mcu.externaltools.gnu-tools-for-stm32.9-2020-q2-update.win32_1.5.0.202011040924/tools/bin/../lib/gcc/arm-none-eabi/9.3.1/thumb/v7e-m+fp/hard/crtbegin.o
                0x00000000080016c8                PROVIDE (__init_array_end = .)
                0x00000000080016c8                . = ALIGN (0x4)

.fini_array     0x00000000080016c8        0x4
                0x00000000080016c8                . = ALIGN (0x4)
                [!provide]                        PROVIDE (__fini_array_start = .)
 *(SORT_BY_NAME(.fini_array.*))
 *(.fini_array*)
 .fini_array    0x00000000080016c8        0x4 c:/st/stm32cubeide_1.6.0/stm32cubeide/plugins/com.st.stm32cube.ide.mcu.externaltools.gnu-tools-for-stm32.9-2020-q2-update.win32_1.5.0.202011040924/tools/bin/../lib/gcc/arm-none-eabi/9.3.1/thumb/v7e-m+fp/hard/crtbegin.o
                [!provide]                        PROVIDE (__fini_array_end = .)
                0x00000000080016cc                . = ALIGN (0x4)
                0x00000000080016cc                _sidata = LOADADDR (.data)

.data           0x0000000020000000        0xc load address 0x00000000080016cc
                0x0000000020000000                . = ALIGN (0x4)
                0x0000000020000000                _sdata = .
 *(.data)
 *(.data*)
 .data.SystemCoreClock
                0x0000000020000000        0x4 Core/Src/system_stm32g4xx.o
                0x0000000020000000                SystemCoreClock
 .data.uwTickPrio
                0x0000000020000004        0x4 Drivers/STM32G4xx_HAL_Driver/Src/stm32g4xx_hal.o
                0x0000000020000004                uwTickPrio
 .data.uwTickFreq
                0x0000000020000008        0x4 Drivers/STM32G4xx_HAL_Driver/Src/stm32g4xx_hal.o
                0x0000000020000008                uwTickFreq
                0x000000002000000c                . = ALIGN (0x4)
                0x000000002000000c                _edata = .

.igot.plt       0x000000002000000c        0x0 load address 0x00000000080016d8
 .igot.plt      0x000000002000000c        0x0 c:/st/stm32cubeide_1.6.0/stm32cubeide/plugins/com.st.stm32cube.ide.mcu.externaltools.gnu-tools-for-stm32.9-2020-q2-update.win32_1.5.0.202011040924/tools/bin/../lib/gcc/arm-none-eabi/9.3.1/thumb/v7e-m+fp/hard/crtbegin.o
                0x000000002000000c                . = ALIGN (0x4)

.bss            0x000000002000000c       0x20 load address 0x00000000080016d8
                0x000000002000000c                _sbss = .
                0x000000002000000c                __bss_start__ = _sbss
 *(.bss)
 .bss           0x000000002000000c       0x1c c:/st/stm32cubeide_1.6.0/stm32cubeide/plugins/com.st.stm32cube.ide.mcu.externaltools.gnu-tools-for-stm32.9-2020-q2-update.win32_1.5.0.202011040924/tools/bin/../lib/gcc/arm-none-eabi/9.3.1/thumb/v7e-m+fp/hard/crtbegin.o
 *(.bss*)
 *(COMMON)
 COMMON         0x0000000020000028        0x4 Drivers/STM32G4xx_HAL_Driver/Src/stm32g4xx_hal.o
                0x0000000020000028                uwTick
                0x000000002000002c                . = ALIGN (0x4)
                0x000000002000002c                _ebss = .
                0x000000002000002c                __bss_end__ = _ebss

._user_heap_stack
                0x000000002000002c      0x604 load address 0x00000000080016d8
                0x0000000020000030                . = ALIGN (0x8)
 *fill*         0x000000002000002c        0x4 
                [!provide]                        PROVIDE (end = .)
                0x0000000020000030                PROVIDE (_end = .)
                0x0000000020000230                . = (. + _Min_Heap_Size)
 *fill*         0x0000000020000030      0x200 
                0x0000000020000630                . = (. + _Min_Stack_Size)
 *fill*         0x0000000020000230      0x400 
                0x0000000020000630                . = ALIGN (0x8)

/DISCARD/
 libc.a(*)
 libm.a(*)
 libgcc.a(*)

.ARM.attributes
                0x0000000000000000       0x30
 *(.ARM.attributes)
 .ARM.attributes
                0x0000000000000000       0x1e c:/st/stm32cubeide_1.6.0/stm32cubeide/plugins/com.st.stm32cube.ide.mcu.externaltools.gnu-tools-for-stm32.9-2020-q2-update.win32_1.5.0.202011040924/tools/bin/../lib/gcc/arm-none-eabi/9.3.1/thumb/v7e-m+fp/hard/crti.o
 .ARM.attributes
                0x000000000000001e       0x34 c:/st/stm32cubeide_1.6.0/stm32cubeide/plugins/com.st.stm32cube.ide.mcu.externaltools.gnu-tools-for-stm32.9-2020-q2-update.win32_1.5.0.202011040924/tools/bin/../lib/gcc/arm-none-eabi/9.3.1/thumb/v7e-m+fp/hard/crtbegin.o
 .ARM.attributes
                0x0000000000000052       0x34 Core/Src/main.o
 .ARM.attributes
                0x0000000000000086       0x34 Core/Src/stm32g4xx_hal_msp.o
 .ARM.attributes
                0x00000000000000ba       0x34 Core/Src/stm32g4xx_it.o
 .ARM.attributes
                0x00000000000000ee       0x34 Core/Src/system_stm32g4xx.o
 .ARM.attributes
                0x0000000000000122       0x21 Core/Startup/startup_stm32g431c6tx.o
 .ARM.attributes
                0x0000000000000143       0x34 Drivers/STM32G4xx_HAL_Driver/Src/stm32g4xx_hal.o
 .ARM.attributes
                0x0000000000000177       0x34 Drivers/STM32G4xx_HAL_Driver/Src/stm32g4xx_hal_cortex.o
 .ARM.attributes
                0x00000000000001ab       0x34 Drivers/STM32G4xx_HAL_Driver/Src/stm32g4xx_hal_gpio.o
 .ARM.attributes
                0x00000000000001df       0x34 Drivers/STM32G4xx_HAL_Driver/Src/stm32g4xx_hal_pwr_ex.o
 .ARM.attributes
                0x0000000000000213       0x34 Drivers/STM32G4xx_HAL_Driver/Src/stm32g4xx_hal_rcc.o
 .ARM.attributes
                0x0000000000000247       0x34 c:/st/stm32cubeide_1.6.0/stm32cubeide/plugins/com.st.stm32cube.ide.mcu.externaltools.gnu-tools-for-stm32.9-2020-q2-update.win32_1.5.0.202011040924/tools/bin/../lib/gcc/arm-none-eabi/9.3.1/../../../../arm-none-eabi/lib/thumb/v7e-m+fp/hard\libc_nano.a(lib_a-init.o)
 .ARM.attributes
                0x000000000000027b       0x34 c:/st/stm32cubeide_1.6.0/stm32cubeide/plugins/com.st.stm32cube.ide.mcu.externaltools.gnu-tools-for-stm32.9-2020-q2-update.win32_1.5.0.202011040924/tools/bin/../lib/gcc/arm-none-eabi/9.3.1/../../../../arm-none-eabi/lib/thumb/v7e-m+fp/hard\libc_nano.a(lib_a-memset.o)
 .ARM.attributes
                0x00000000000002af       0x1e c:/st/stm32cubeide_1.6.0/stm32cubeide/plugins/com.st.stm32cube.ide.mcu.externaltools.gnu-tools-for-stm32.9-2020-q2-update.win32_1.5.0.202011040924/tools/bin/../lib/gcc/arm-none-eabi/9.3.1/thumb/v7e-m+fp/hard/crtn.o
OUTPUT(blinker.elf elf32-littlearm)
LOAD linker stubs
LOAD c:/st/stm32cubeide_1.6.0/stm32cubeide/plugins/com.st.stm32cube.ide.mcu.externaltools.gnu-tools-for-stm32.9-2020-q2-update.win32_1.5.0.202011040924/tools/bin/../lib/gcc/arm-none-eabi/9.3.1/../../../../arm-none-eabi/lib/thumb/v7e-m+fp/hard\libc.a
LOAD c:/st/stm32cubeide_1.6.0/stm32cubeide/plugins/com.st.stm32cube.ide.mcu.externaltools.gnu-tools-for-stm32.9-2020-q2-update.win32_1.5.0.202011040924/tools/bin/../lib/gcc/arm-none-eabi/9.3.1/../../../../arm-none-eabi/lib/thumb/v7e-m+fp/hard\libm.a
LOAD c:/st/stm32cubeide_1.6.0/stm32cubeide/plugins/com.st.stm32cube.ide.mcu.externaltools.gnu-tools-for-stm32.9-2020-q2-update.win32_1.5.0.202011040924/tools/bin/../lib/gcc/arm-none-eabi/9.3.1/thumb/v7e-m+fp/hard\libgcc.a

.debug_info     0x0000000000000000     0x5641
 .debug_info    0x0000000000000000      0x864 Core/Src/main.o
 .debug_info    0x0000000000000864      0x508 Core/Src/stm32g4xx_hal_msp.o
 .debug_info    0x0000000000000d6c      0x31a Core/Src/stm32g4xx_it.o
 .debug_info    0x0000000000001086      0x718 Core/Src/system_stm32g4xx.o
 .debug_info    0x000000000000179e       0x22 Core/Startup/startup_stm32g431c6tx.o
 .debug_info    0x00000000000017c0      0xc43 Drivers/STM32G4xx_HAL_Driver/Src/stm32g4xx_hal.o
 .debug_info    0x0000000000002403      0xf78 Drivers/STM32G4xx_HAL_Driver/Src/stm32g4xx_hal_cortex.o
 .debug_info    0x000000000000337b      0xa13 Drivers/STM32G4xx_HAL_Driver/Src/stm32g4xx_hal_gpio.o
 .debug_info    0x0000000000003d8e      0xb3a Drivers/STM32G4xx_HAL_Driver/Src/stm32g4xx_hal_pwr_ex.o
 .debug_info    0x00000000000048c8      0xd79 Drivers/STM32G4xx_HAL_Driver/Src/stm32g4xx_hal_rcc.o

.debug_abbrev   0x0000000000000000     0x114a
 .debug_abbrev  0x0000000000000000      0x1c4 Core/Src/main.o
 .debug_abbrev  0x00000000000001c4      0x13d Core/Src/stm32g4xx_hal_msp.o
 .debug_abbrev  0x0000000000000301       0xf2 Core/Src/stm32g4xx_it.o
 .debug_abbrev  0x00000000000003f3      0x165 Core/Src/system_stm32g4xx.o
 .debug_abbrev  0x0000000000000558       0x12 Core/Startup/startup_stm32g431c6tx.o
 .debug_abbrev  0x000000000000056a      0x227 Drivers/STM32G4xx_HAL_Driver/Src/stm32g4xx_hal.o
 .debug_abbrev  0x0000000000000791      0x333 Drivers/STM32G4xx_HAL_Driver/Src/stm32g4xx_hal_cortex.o
 .debug_abbrev  0x0000000000000ac4      0x1e8 Drivers/STM32G4xx_HAL_Driver/Src/stm32g4xx_hal_gpio.o
 .debug_abbrev  0x0000000000000cac      0x229 Drivers/STM32G4xx_HAL_Driver/Src/stm32g4xx_hal_pwr_ex.o
 .debug_abbrev  0x0000000000000ed5      0x275 Drivers/STM32G4xx_HAL_Driver/Src/stm32g4xx_hal_rcc.o

.debug_aranges  0x0000000000000000      0x580
 .debug_aranges
                0x0000000000000000       0x38 Core/Src/main.o
 .debug_aranges
                0x0000000000000038       0x20 Core/Src/stm32g4xx_hal_msp.o
 .debug_aranges
                0x0000000000000058       0x60 Core/Src/stm32g4xx_it.o
 .debug_aranges
                0x00000000000000b8       0x28 Core/Src/system_stm32g4xx.o
 .debug_aranges
                0x00000000000000e0       0x28 Core/Startup/startup_stm32g431c6tx.o
 .debug_aranges
                0x0000000000000108      0x130 Drivers/STM32G4xx_HAL_Driver/Src/stm32g4xx_hal.o
 .debug_aranges
                0x0000000000000238      0x118 Drivers/STM32G4xx_HAL_Driver/Src/stm32g4xx_hal_cortex.o
 .debug_aranges
                0x0000000000000350       0x58 Drivers/STM32G4xx_HAL_Driver/Src/stm32g4xx_hal_gpio.o
 .debug_aranges
                0x00000000000003a8      0x140 Drivers/STM32G4xx_HAL_Driver/Src/stm32g4xx_hal_pwr_ex.o
 .debug_aranges
                0x00000000000004e8       0x98 Drivers/STM32G4xx_HAL_Driver/Src/stm32g4xx_hal_rcc.o

.debug_ranges   0x0000000000000000      0x4e8
 .debug_ranges  0x0000000000000000       0x28 Core/Src/main.o
 .debug_ranges  0x0000000000000028       0x10 Core/Src/stm32g4xx_hal_msp.o
 .debug_ranges  0x0000000000000038       0x50 Core/Src/stm32g4xx_it.o
 .debug_ranges  0x0000000000000088       0x18 Core/Src/system_stm32g4xx.o
 .debug_ranges  0x00000000000000a0       0x20 Core/Startup/startup_stm32g431c6tx.o
 .debug_ranges  0x00000000000000c0      0x120 Drivers/STM32G4xx_HAL_Driver/Src/stm32g4xx_hal.o
 .debug_ranges  0x00000000000001e0      0x108 Drivers/STM32G4xx_HAL_Driver/Src/stm32g4xx_hal_cortex.o
 .debug_ranges  0x00000000000002e8       0x48 Drivers/STM32G4xx_HAL_Driver/Src/stm32g4xx_hal_gpio.o
 .debug_ranges  0x0000000000000330      0x130 Drivers/STM32G4xx_HAL_Driver/Src/stm32g4xx_hal_pwr_ex.o
 .debug_ranges  0x0000000000000460       0x88 Drivers/STM32G4xx_HAL_Driver/Src/stm32g4xx_hal_rcc.o

.debug_macro    0x0000000000000000    0x1b1b4
 .debug_macro   0x0000000000000000      0x1b5 Core/Src/main.o
 .debug_macro   0x00000000000001b5      0xaa8 Core/Src/main.o
 .debug_macro   0x0000000000000c5d      0x14f Core/Src/main.o
 .debug_macro   0x0000000000000dac       0x2e Core/Src/main.o
 .debug_macro   0x0000000000000dda       0x28 Core/Src/main.o
 .debug_macro   0x0000000000000e02       0x22 Core/Src/main.o
 .debug_macro   0x0000000000000e24       0x8e Core/Src/main.o
 .debug_macro   0x0000000000000eb2       0x51 Core/Src/main.o
 .debug_macro   0x0000000000000f03      0x103 Core/Src/main.o
 .debug_macro   0x0000000000001006       0x6a Core/Src/main.o
 .debug_macro   0x0000000000001070      0x1df Core/Src/main.o
 .debug_macro   0x000000000000124f       0x1c Core/Src/main.o
 .debug_macro   0x000000000000126b       0x22 Core/Src/main.o
 .debug_macro   0x000000000000128d      0x101 Core/Src/main.o
 .debug_macro   0x000000000000138e     0x1011 Core/Src/main.o
 .debug_macro   0x000000000000239f      0x11f Core/Src/main.o
 .debug_macro   0x00000000000024be    0x1138f Core/Src/main.o
 .debug_macro   0x000000000001384d       0x43 Core/Src/main.o
 .debug_macro   0x0000000000013890     0x34ed Core/Src/main.o
 .debug_macro   0x0000000000016d7d      0x174 Core/Src/main.o
 .debug_macro   0x0000000000016ef1       0x5a Core/Src/main.o
 .debug_macro   0x0000000000016f4b     0x13de Core/Src/main.o
 .debug_macro   0x0000000000018329      0x535 Core/Src/main.o
 .debug_macro   0x000000000001885e      0x137 Core/Src/main.o
 .debug_macro   0x0000000000018995      0x289 Core/Src/main.o
 .debug_macro   0x0000000000018c1e      0x41d Core/Src/main.o
 .debug_macro   0x000000000001903b      0x18b Core/Src/main.o
 .debug_macro   0x00000000000191c6       0x43 Core/Src/main.o
 .debug_macro   0x0000000000019209      0x23d Core/Src/main.o
 .debug_macro   0x0000000000019446      0x212 Core/Src/main.o
 .debug_macro   0x0000000000019658      0x401 Core/Src/main.o
 .debug_macro   0x0000000000019a59      0x107 Core/Src/main.o
 .debug_macro   0x0000000000019b60      0x122 Core/Src/main.o
 .debug_macro   0x0000000000019c82      0x3d1 Core/Src/main.o
 .debug_macro   0x000000000001a053      0x307 Core/Src/main.o
 .debug_macro   0x000000000001a35a       0x10 Core/Src/main.o
 .debug_macro   0x000000000001a36a      0x1b5 Core/Src/stm32g4xx_hal_msp.o
 .debug_macro   0x000000000001a51f      0x1bf Core/Src/stm32g4xx_it.o
 .debug_macro   0x000000000001a6de      0x1ac Core/Src/system_stm32g4xx.o
 .debug_macro   0x000000000001a88a      0x1f4 Drivers/STM32G4xx_HAL_Driver/Src/stm32g4xx_hal.o
 .debug_macro   0x000000000001aa7e      0x1a6 Drivers/STM32G4xx_HAL_Driver/Src/stm32g4xx_hal_cortex.o
 .debug_macro   0x000000000001ac24      0x1de Drivers/STM32G4xx_HAL_Driver/Src/stm32g4xx_hal_gpio.o
 .debug_macro   0x000000000001ae02      0x1d0 Drivers/STM32G4xx_HAL_Driver/Src/stm32g4xx_hal_pwr_ex.o
 .debug_macro   0x000000000001afd2      0x1e2 Drivers/STM32G4xx_HAL_Driver/Src/stm32g4xx_hal_rcc.o

.debug_line     0x0000000000000000     0x57db
 .debug_line    0x0000000000000000      0x725 Core/Src/main.o
 .debug_line    0x0000000000000725      0x67f Core/Src/stm32g4xx_hal_msp.o
 .debug_line    0x0000000000000da4      0x740 Core/Src/stm32g4xx_it.o
 .debug_line    0x00000000000014e4      0x6ed Core/Src/system_stm32g4xx.o
 .debug_line    0x0000000000001bd1       0x89 Core/Startup/startup_stm32g431c6tx.o
 .debug_line    0x0000000000001c5a      0xa5e Drivers/STM32G4xx_HAL_Driver/Src/stm32g4xx_hal.o
 .debug_line    0x00000000000026b8      0xc11 Drivers/STM32G4xx_HAL_Driver/Src/stm32g4xx_hal_cortex.o
 .debug_line    0x00000000000032c9      0xaab Drivers/STM32G4xx_HAL_Driver/Src/stm32g4xx_hal_gpio.o
 .debug_line    0x0000000000003d74      0xc09 Drivers/STM32G4xx_HAL_Driver/Src/stm32g4xx_hal_pwr_ex.o
 .debug_line    0x000000000000497d      0xe5e Drivers/STM32G4xx_HAL_Driver/Src/stm32g4xx_hal_rcc.o

.debug_str      0x0000000000000000    0xab374
 .debug_str     0x0000000000000000    0xa997c Core/Src/main.o
                                      0xa9c4a (size before relaxing)
 .debug_str     0x00000000000a997c       0x2c Core/Src/stm32g4xx_hal_msp.o
                                      0xa9a41 (size before relaxing)
 .debug_str     0x00000000000a99a8       0xbd Core/Src/stm32g4xx_it.o
                                      0xa9979 (size before relaxing)
 .debug_str     0x00000000000a9a65       0xc6 Core/Src/system_stm32g4xx.o
                                      0xa9aa2 (size before relaxing)
 .debug_str     0x00000000000a9b2b       0x36 Core/Startup/startup_stm32g431c6tx.o
                                         0x69 (size before relaxing)
 .debug_str     0x00000000000a9b61      0x9db Drivers/STM32G4xx_HAL_Driver/Src/stm32g4xx_hal.o
                                      0xaa560 (size before relaxing)
 .debug_str     0x00000000000aa53c      0x39a Drivers/STM32G4xx_HAL_Driver/Src/stm32g4xx_hal_cortex.o
                                      0xaa268 (size before relaxing)
 .debug_str     0x00000000000aa8d6      0x221 Drivers/STM32G4xx_HAL_Driver/Src/stm32g4xx_hal_gpio.o
                                      0xa9d0f (size before relaxing)
 .debug_str     0x00000000000aaaf7      0x4d2 Drivers/STM32G4xx_HAL_Driver/Src/stm32g4xx_hal_pwr_ex.o
                                      0xa9f81 (size before relaxing)
 .debug_str     0x00000000000aafc9      0x3ab Drivers/STM32G4xx_HAL_Driver/Src/stm32g4xx_hal_rcc.o
                                      0xaa01b (size before relaxing)

.comment        0x0000000000000000       0x53
 .comment       0x0000000000000000       0x53 Core/Src/main.o
                                         0x54 (size before relaxing)
 .comment       0x0000000000000053       0x54 Core/Src/stm32g4xx_hal_msp.o
 .comment       0x0000000000000053       0x54 Core/Src/stm32g4xx_it.o
 .comment       0x0000000000000053       0x54 Core/Src/system_stm32g4xx.o
 .comment       0x0000000000000053       0x54 Drivers/STM32G4xx_HAL_Driver/Src/stm32g4xx_hal.o
 .comment       0x0000000000000053       0x54 Drivers/STM32G4xx_HAL_Driver/Src/stm32g4xx_hal_cortex.o
 .comment       0x0000000000000053       0x54 Drivers/STM32G4xx_HAL_Driver/Src/stm32g4xx_hal_gpio.o
 .comment       0x0000000000000053       0x54 Drivers/STM32G4xx_HAL_Driver/Src/stm32g4xx_hal_pwr_ex.o
 .comment       0x0000000000000053       0x54 Drivers/STM32G4xx_HAL_Driver/Src/stm32g4xx_hal_rcc.o

.debug_frame    0x0000000000000000     0x1424
 .debug_frame   0x0000000000000000       0x8c Core/Src/main.o
 .debug_frame   0x000000000000008c       0x34 Core/Src/stm32g4xx_hal_msp.o
 .debug_frame   0x00000000000000c0      0x104 Core/Src/stm32g4xx_it.o
 .debug_frame   0x00000000000001c4       0x58 Core/Src/system_stm32g4xx.o
 .debug_frame   0x000000000000021c      0x4a0 Drivers/STM32G4xx_HAL_Driver/Src/stm32g4xx_hal.o
 .debug_frame   0x00000000000006bc      0x498 Drivers/STM32G4xx_HAL_Driver/Src/stm32g4xx_hal_cortex.o
 .debug_frame   0x0000000000000b54      0x14c Drivers/STM32G4xx_HAL_Driver/Src/stm32g4xx_hal_gpio.o
 .debug_frame   0x0000000000000ca0      0x4fc Drivers/STM32G4xx_HAL_Driver/Src/stm32g4xx_hal_pwr_ex.o
 .debug_frame   0x000000000000119c      0x23c Drivers/STM32G4xx_HAL_Driver/Src/stm32g4xx_hal_rcc.o
 .debug_frame   0x00000000000013d8       0x2c c:/st/stm32cubeide_1.6.0/stm32cubeide/plugins/com.st.stm32cube.ide.mcu.externaltools.gnu-tools-for-stm32.9-2020-q2-update.win32_1.5.0.202011040924/tools/bin/../lib/gcc/arm-none-eabi/9.3.1/../../../../arm-none-eabi/lib/thumb/v7e-m+fp/hard\libc_nano.a(lib_a-init.o)
 .debug_frame   0x0000000000001404       0x20 c:/st/stm32cubeide_1.6.0/stm32cubeide/plugins/com.st.stm32cube.ide.mcu.externaltools.gnu-tools-for-stm32.9-2020-q2-update.win32_1.5.0.202011040924/tools/bin/../lib/gcc/arm-none-eabi/9.3.1/../../../../arm-none-eabi/lib/thumb/v7e-m+fp/hard\libc_nano.a(lib_a-memset.o)
